Archive member included to satisfy reference by file (symbol)

c:/ac6/systemworkbench/plugins/fr.ac6.mcu.externaltools.arm-none.win32_1.13.2.201703061525/tools/compiler/bin/../lib/gcc/arm-none-eabi/5.4.1/../../../../arm-none-eabi/lib/armv7e-m/fpu\libc_nano.a(lib_a-exit.o)
                              c:/ac6/systemworkbench/plugins/fr.ac6.mcu.externaltools.arm-none.win32_1.13.2.201703061525/tools/compiler/bin/../lib/gcc/arm-none-eabi/5.4.1/../../../../arm-none-eabi/lib/armv7e-m/fpu/crt0.o (exit)
c:/ac6/systemworkbench/plugins/fr.ac6.mcu.externaltools.arm-none.win32_1.13.2.201703061525/tools/compiler/bin/../lib/gcc/arm-none-eabi/5.4.1/../../../../arm-none-eabi/lib/armv7e-m/fpu\libc_nano.a(lib_a-impure.o)
                              c:/ac6/systemworkbench/plugins/fr.ac6.mcu.externaltools.arm-none.win32_1.13.2.201703061525/tools/compiler/bin/../lib/gcc/arm-none-eabi/5.4.1/../../../../arm-none-eabi/lib/armv7e-m/fpu\libc_nano.a(lib_a-exit.o) (_global_impure_ptr)
c:/ac6/systemworkbench/plugins/fr.ac6.mcu.externaltools.arm-none.win32_1.13.2.201703061525/tools/compiler/bin/../lib/gcc/arm-none-eabi/5.4.1/../../../../arm-none-eabi/lib/armv7e-m/fpu\libc_nano.a(lib_a-init.o)
                              c:/ac6/systemworkbench/plugins/fr.ac6.mcu.externaltools.arm-none.win32_1.13.2.201703061525/tools/compiler/bin/../lib/gcc/arm-none-eabi/5.4.1/../../../../arm-none-eabi/lib/armv7e-m/fpu/crt0.o (__libc_init_array)
c:/ac6/systemworkbench/plugins/fr.ac6.mcu.externaltools.arm-none.win32_1.13.2.201703061525/tools/compiler/bin/../lib/gcc/arm-none-eabi/5.4.1/../../../../arm-none-eabi/lib/armv7e-m/fpu\libc_nano.a(lib_a-memset.o)
                              c:/ac6/systemworkbench/plugins/fr.ac6.mcu.externaltools.arm-none.win32_1.13.2.201703061525/tools/compiler/bin/../lib/gcc/arm-none-eabi/5.4.1/../../../../arm-none-eabi/lib/armv7e-m/fpu/crt0.o (memset)
c:/ac6/systemworkbench/plugins/fr.ac6.mcu.externaltools.arm-none.win32_1.13.2.201703061525/tools/compiler/bin/../lib/gcc/arm-none-eabi/5.4.1/../../../../arm-none-eabi/lib/armv7e-m/fpu\libc_nano.a(lib_a-nano-vfprintf_float.o)
                              (_printf_float)
c:/ac6/systemworkbench/plugins/fr.ac6.mcu.externaltools.arm-none.win32_1.13.2.201703061525/tools/compiler/bin/../lib/gcc/arm-none-eabi/5.4.1/../../../../arm-none-eabi/lib/armv7e-m/fpu\libc_nano.a(lib_a-nano-vfprintf_i.o)
                              c:/ac6/systemworkbench/plugins/fr.ac6.mcu.externaltools.arm-none.win32_1.13.2.201703061525/tools/compiler/bin/../lib/gcc/arm-none-eabi/5.4.1/../../../../arm-none-eabi/lib/armv7e-m/fpu\libc_nano.a(lib_a-nano-vfprintf_float.o) (_printf_common)
c:/ac6/systemworkbench/plugins/fr.ac6.mcu.externaltools.arm-none.win32_1.13.2.201703061525/tools/compiler/bin/../lib/gcc/arm-none-eabi/5.4.1/../../../../arm-none-eabi/lib/armv7e-m/fpu\libc_nano.a(lib_a-strlen.o)
                              c:/ac6/systemworkbench/plugins/fr.ac6.mcu.externaltools.arm-none.win32_1.13.2.201703061525/tools/compiler/bin/../lib/gcc/arm-none-eabi/5.4.1/../../../../arm-none-eabi/lib/armv7e-m/fpu\libc_nano.a(lib_a-nano-vfprintf_float.o) (strlen)
c:/ac6/systemworkbench/plugins/fr.ac6.mcu.externaltools.arm-none.win32_1.13.2.201703061525/tools/compiler/bin/../lib/gcc/arm-none-eabi/5.4.1/../../../../arm-none-eabi/lib/armv7e-m/fpu\libc_nano.a(lib_a-dtoa.o)
                              c:/ac6/systemworkbench/plugins/fr.ac6.mcu.externaltools.arm-none.win32_1.13.2.201703061525/tools/compiler/bin/../lib/gcc/arm-none-eabi/5.4.1/../../../../arm-none-eabi/lib/armv7e-m/fpu\libc_nano.a(lib_a-nano-vfprintf_float.o) (_dtoa_r)
c:/ac6/systemworkbench/plugins/fr.ac6.mcu.externaltools.arm-none.win32_1.13.2.201703061525/tools/compiler/bin/../lib/gcc/arm-none-eabi/5.4.1/../../../../arm-none-eabi/lib/armv7e-m/fpu\libc_nano.a(lib_a-localeconv.o)
                              c:/ac6/systemworkbench/plugins/fr.ac6.mcu.externaltools.arm-none.win32_1.13.2.201703061525/tools/compiler/bin/../lib/gcc/arm-none-eabi/5.4.1/../../../../arm-none-eabi/lib/armv7e-m/fpu\libc_nano.a(lib_a-nano-vfprintf_float.o) (_localeconv_r)
c:/ac6/systemworkbench/plugins/fr.ac6.mcu.externaltools.arm-none.win32_1.13.2.201703061525/tools/compiler/bin/../lib/gcc/arm-none-eabi/5.4.1/../../../../arm-none-eabi/lib/armv7e-m/fpu\libc_nano.a(lib_a-malloc.o)
                              c:/ac6/systemworkbench/plugins/fr.ac6.mcu.externaltools.arm-none.win32_1.13.2.201703061525/tools/compiler/bin/../lib/gcc/arm-none-eabi/5.4.1/../../../../arm-none-eabi/lib/armv7e-m/fpu\libc_nano.a(lib_a-dtoa.o) (malloc)
c:/ac6/systemworkbench/plugins/fr.ac6.mcu.externaltools.arm-none.win32_1.13.2.201703061525/tools/compiler/bin/../lib/gcc/arm-none-eabi/5.4.1/../../../../arm-none-eabi/lib/armv7e-m/fpu\libc_nano.a(lib_a-memchr.o)
[...]
Memory Configuration

Name             Origin             Length             Attributes
RAM              0x20000000         0x00020000         xrw
CCMRAM           0x10000000         0x00010000         rw
FLASH            0x08000000         0x00100000         xr
*default*        0x00000000         0xffffffff

Linker script and memory map

LOAD c:/ac6/systemworkbench/plugins/fr.ac6.mcu.externaltools.arm-none.win32_1.13.2.201703061525/tools/compiler/bin/../lib/gcc/arm-none-eabi/5.4.1/armv7e-m/fpu/crti.o
LOAD c:/ac6/systemworkbench/plugins/fr.ac6.mcu.externaltools.arm-none.win32_1.13.2.201703061525/tools/compiler/bin/../lib/gcc/arm-none-eabi/5.4.1/armv7e-m/fpu/crtbegin.o
LOAD c:/ac6/systemworkbench/plugins/fr.ac6.mcu.externaltools.arm-none.win32_1.13.2.201703061525/tools/compiler/bin/../lib/gcc/arm-none-eabi/5.4.1/../../../../arm-none-eabi/lib/armv7e-m/fpu/crt0.o
LOAD c:/ac6/systemworkbench/plugins/fr.ac6.mcu.externaltools.arm-none.win32_1.13.2.201703061525/tools/compiler/bin/../lib/gcc/arm-none-eabi/5.4.1/../../../../arm-none-eabi/lib/armv7e-m/fpu\libc_nano.a
LOAD c:/ac6/systemworkbench/plugins/fr.ac6.mcu.externaltools.arm-none.win32_1.13.2.201703061525/tools/compiler/bin/../lib/gcc/arm-none-eabi/5.4.1/../../../../arm-none-eabi/lib/armv7e-m/fpu\libm.a
LOAD Drivers\BSP\ili9325.o
LOAD Drivers\BSP\openx07v_c_lcd.o
LOAD Drivers\BSP\touch_panel.o
LOAD Drivers\Fonts\font12.o
LOAD Drivers\Fonts\font16.o
LOAD Drivers\Fonts\font20.o
LOAD Drivers\Fonts\font24.o
LOAD Drivers\Fonts\font8.o
LOAD Drivers\STM32F4xx_HAL_Driver\Src\stm32f4xx_hal.o
LOAD Drivers\STM32F4xx_HAL_Driver\Src\stm32f4xx_hal_cortex.o
LOAD Drivers\STM32F4xx_HAL_Driver\Src\stm32f4xx_hal_dma.o
LOAD Drivers\STM32F4xx_HAL_Driver\Src\stm32f4xx_hal_dma_ex.o
LOAD Drivers\STM32F4xx_HAL_Driver\Src\stm32f4xx_hal_flash.o
LOAD Drivers\STM32F4xx_HAL_Driver\Src\stm32f4xx_hal_flash_ex.o
LOAD Drivers\STM32F4xx_HAL_Driver\Src\stm32f4xx_hal_flash_ramfunc.o
LOAD Drivers\STM32F4xx_HAL_Driver\Src\stm32f4xx_hal_gpio.o
LOAD Drivers\STM32F4xx_HAL_Driver\Src\stm32f4xx_hal_pwr.o
LOAD Drivers\STM32F4xx_HAL_Driver\Src\stm32f4xx_hal_pwr_ex.o
LOAD Drivers\STM32F4xx_HAL_Driver\Src\stm32f4xx_hal_rcc.o
LOAD Drivers\STM32F4xx_HAL_Driver\Src\stm32f4xx_hal_rcc_ex.o
LOAD Drivers\STM32F4xx_HAL_Driver\Src\stm32f4xx_hal_spi.o
LOAD Drivers\STM32F4xx_HAL_Driver\Src\stm32f4xx_hal_sram.o
LOAD Drivers\STM32F4xx_HAL_Driver\Src\stm32f4xx_hal_tim.o
LOAD Drivers\STM32F4xx_HAL_Driver\Src\stm32f4xx_hal_tim_ex.o
LOAD Drivers\STM32F4xx_HAL_Driver\Src\stm32f4xx_hal_uart.o
LOAD Drivers\STM32F4xx_HAL_Driver\Src\stm32f4xx_ll_fsmc.o
LOAD Src\Ass-02-Lib.o
LOAD Src\Ass-02-Q01.o
LOAD Src\Ass-02-Q02.o
LOAD Src\Ass-02.o
LOAD Src\fsmc.o
LOAD Src\gpio.o
LOAD Src\i2c.o
LOAD Src\main.o
LOAD Src\spi.o
LOAD Src\stm32f4xx_hal_msp.o
LOAD Src\stm32f4xx_it.o
LOAD Src\syscalls.o
LOAD Src\system_stm32f4xx.o
LOAD Src\usart.o
LOAD startup\startup_stm32f407xx.o
START GROUP
LOAD c:/ac6/systemworkbench/plugins/fr.ac6.mcu.externaltools.arm-none.win32_1.13.2.201703061525/tools/compiler/bin/../lib/gcc/arm-none-eabi/5.4.1/armv7e-m/fpu\libgcc.a
LOAD c:/ac6/systemworkbench/plugins/fr.ac6.mcu.externaltools.arm-none.win32_1.13.2.201703061525/tools/compiler/bin/../lib/gcc/arm-none-eabi/5.4.1/../../../../arm-none-eabi/lib/armv7e-m/fpu\libc_nano.a
END GROUP
START GROUP
LOAD c:/ac6/systemworkbench/plugins/fr.ac6.mcu.externaltools.arm-none.win32_1.13.2.201703061525/tools/compiler/bin/../lib/gcc/arm-none-eabi/5.4.1/armv7e-m/fpu\libgcc.a
LOAD c:/ac6/systemworkbench/plugins/fr.ac6.mcu.externaltools.arm-none.win32_1.13.2.201703061525/tools/compiler/bin/../lib/gcc/arm-none-eabi/5.4.1/../../../../arm-none-eabi/lib/armv7e-m/fpu\libc_nano.a
LOAD c:/ac6/systemworkbench/plugins/fr.ac6.mcu.externaltools.arm-none.win32_1.13.2.201703061525/tools/compiler/bin/../lib/gcc/arm-none-eabi/5.4.1/../../../../arm-none-eabi/lib/armv7e-m/fpu\libnosys.a
END GROUP
START GROUP
LOAD c:/ac6/systemworkbench/plugins/fr.ac6.mcu.externaltools.arm-none.win32_1.13.2.201703061525/tools/compiler/bin/../lib/gcc/arm-none-eabi/5.4.1/armv7e-m/fpu\libgcc.a
LOAD c:/ac6/systemworkbench/plugins/fr.ac6.mcu.externaltools.arm-none.win32_1.13.2.201703061525/tools/compiler/bin/../lib/gcc/arm-none-eabi/5.4.1/../../../../arm-none-eabi/lib/armv7e-m/fpu\libc_nano.a
LOAD c:/ac6/systemworkbench/plugins/fr.ac6.mcu.externaltools.arm-none.win32_1.13.2.201703061525/tools/compiler/bin/../lib/gcc/arm-none-eabi/5.4.1/../../../../arm-none-eabi/lib/armv7e-m/fpu\libnosys.a
END GROUP
LOAD c:/ac6/systemworkbench/plugins/fr.ac6.mcu.externaltools.arm-none.win32_1.13.2.201703061525/tools/compiler/bin/../lib/gcc/arm-none-eabi/5.4.1/armv7e-m/fpu/crtend.o
LOAD c:/ac6/systemworkbench/plugins/fr.ac6.mcu.externaltools.arm-none.win32_1.13.2.201703061525/tools/compiler/bin/../lib/gcc/arm-none-eabi/5.4.1/armv7e-m/fpu/crtn.o
                0x20020000                _estack = 0x20020000
                0x00002000                _Min_Heap_Size = 0x2000
                0x00004000                _Min_Stack_Size = 0x4000

.isr_vector     0x08000000      0x188
                0x08000000                . = ALIGN (0x4)
 *(.isr_vector)
 .isr_vector    0x08000000      0x188 startup\startup_stm32f407xx.o
                0x08000000                g_pfnVectors
                0x08000188                . = ALIGN (0x4)

.text           0x08000190     0x8714
                0x08000190                . = ALIGN (0x4)
 *(.text)
 .text          0x08000190       0x5c c:/ac6/systemworkbench/plugins/fr.ac6.mcu.externaltools.arm-none.win32_1.13.2.201703061525/tools/compiler/bin/../lib/gcc/arm-none-eabi/5.4.1/armv7e-m/fpu/crtbegin.o
 .text          0x080001ec       0x10 c:/ac6/systemworkbench/plugins/fr.ac6.mcu.externaltools.arm-none.win32_1.13.2.201703061525/tools/compiler/bin/../lib/gcc/arm-none-eabi/5.4.1/../../../../arm-none-eabi/lib/armv7e-m/fpu\libc_nano.a(lib_a-strlen.o)
                0x080001ec                strlen
 *fill*         0x080001fc        0x4 
 .text          0x08000200       0xa0 c:/ac6/systemworkbench/plugins/fr.ac6.mcu.externaltools.arm-none.win32_1.13.2.201703061525/tools/compiler/bin/../lib/gcc/arm-none-eabi/5.4.1/../../../../arm-none-eabi/lib/armv7e-m/fpu\libc_nano.a(lib_a-memchr.o)
                0x08000200                memchr
 .text          0x080002a0       0x14 c:/ac6/systemworkbench/plugins/fr.ac6.mcu.externaltools.arm-none.win32_1.13.2.201703061525/tools/compiler/bin/../lib/gcc/arm-none-eabi/5.4.1/../../../../arm-none-eabi/lib/armv7e-m/fpu\libc_nano.a(lib_a-strcmp.o)
                0x080002a0                strcmp
 .text          0x080002b4      0x370 c:/ac6/systemworkbench/plugins/fr.ac6.mcu.externaltools.arm-none.win32_1.13.2.201703061525/tools/compiler/bin/../lib/gcc/arm-none-eabi/5.4.1/armv7e-m/fpu\libgcc.a(_arm_addsubdf3.o)
                0x080002b4                __aeabi_drsub
                0x080002bc                __aeabi_dsub
                0x080002bc                __subdf3
                0x080002c0                __aeabi_dadd
                0x080002c0                __adddf3
                0x08000538                __floatunsidf
                0x08000538                __aeabi_ui2d
                0x08000558                __floatsidf
                0x08000558                __aeabi_i2d
                0x0800057c                __aeabi_f2d
                0x0800057c                __extendsfdf2
                0x080005b8                __floatundidf
                0x080005b8                __aeabi_ul2d
                0x080005c8                __floatdidf
                0x080005c8                __aeabi_l2d
 .text          0x08000624      0x424 c:/ac6/systemworkbench/plugins/fr.ac6.mcu.externaltools.arm-none.win32_1.13.2.201703061525/tools/compiler/bin/../lib/gcc/arm-none-eabi/5.4.1/armv7e-m/fpu\libgcc.a(_arm_muldivdf3.o)
                0x08000624                __aeabi_dmul
                0x08000624                __muldf3
                0x08000878                __divdf3
                0x08000878                __aeabi_ddiv
 .text          0x08000a48      0x110 c:/ac6/systemworkbench/plugins/fr.ac6.mcu.externaltools.arm-none.win32_1.13.2.201703061525/tools/compiler/bin/../lib/gcc/arm-none-eabi/5.4.1/armv7e-m/fpu\libgcc.a(_arm_cmpdf2.o)
                0x08000a48                __gtdf2
                0x08000a48                __gedf2
                0x08000a50                __ltdf2
                0x08000a50                __ledf2
                0x08000a58                __nedf2
                0x08000a58                __eqdf2
                0x08000a58                __cmpdf2
                0x08000ad4                __aeabi_cdrcmple
                0x08000ae4                __aeabi_cdcmpeq
                0x08000ae4                __aeabi_cdcmple
                0x08000af4                __aeabi_dcmpeq
                0x08000b08                __aeabi_dcmplt
                0x08000b1c                __aeabi_dcmple
                0x08000b30                __aeabi_dcmpge
                0x08000b44                __aeabi_dcmpgt
 .text          0x08000b58       0x2c c:/ac6/systemworkbench/plugins/fr.ac6.mcu.externaltools.arm-none.win32_1.13.2.201703061525/tools/compiler/bin/../lib/gcc/arm-none-eabi/5.4.1/armv7e-m/fpu\libgcc.a(_arm_unorddf2.o)
                0x08000b58                __unorddf2
                0x08000b58                __aeabi_dcmpun
 .text          0x08000b84       0x50 c:/ac6/systemworkbench/plugins/fr.ac6.mcu.externaltools.arm-none.win32_1.13.2.201703061525/tools/compiler/bin/../lib/gcc/arm-none-eabi/5.4.1/armv7e-m/fpu\libgcc.a(_arm_fixdfsi.o)
                0x08000b84                __aeabi_d2iz
                0x08000b84                __fixdfsi
 .text          0x08000bd4       0x40 c:/ac6/systemworkbench/plugins/fr.ac6.mcu.externaltools.arm-none.win32_1.13.2.201703061525/tools/compiler/bin/../lib/gcc/arm-none-eabi/5.4.1/armv7e-m/fpu\libgcc.a(_arm_fixunsdfsi.o)
                0x08000bd4                __aeabi_d2uiz
                0x08000bd4                __fixunsdfsi
 .text          0x08000c14       0xa0 c:/ac6/systemworkbench/plugins/fr.ac6.mcu.externaltools.arm-none.win32_1.13.2.201703061525/tools/compiler/bin/../lib/gcc/arm-none-eabi/5.4.1/armv7e-m/fpu\libgcc.a(_arm_truncdfsf2.o)
                0x08000c14                __truncdfsf2
                0x08000c14                __aeabi_d2f
 *(.text*)
 .text.__libc_init_array
                0x08000cb4       0x4c c:/ac6/systemworkbench/plugins/fr.ac6.mcu.externaltools.arm-none.win32_1.13.2.201703061525/tools/compiler/bin/../lib/gcc/arm-none-eabi/5.4.1/../../../../arm-none-eabi/lib/armv7e-m/fpu\libc_nano.a(lib_a-init.o)
                0x08000cb4                __libc_init_array
 .text.memset   0x08000d00       0x10 c:/ac6/systemworkbench/plugins/fr.ac6.mcu.externaltools.arm-none.win32_1.13.2.201703061525/tools/compiler/bin/../lib/gcc/arm-none-eabi/5.4.1/../../../../arm-none-eabi/lib/armv7e-m/fpu\libc_nano.a(lib_a-memset.o)
                0x08000d00                memset
 .text.__cvt    0x08000d10       0xc8 c:/ac6/systemworkbench/plugins/fr.ac6.mcu.externaltools.arm-none.win32_1.13.2.201703061525/tools/compiler/bin/../lib/gcc/arm-none-eabi/5.4.1/../../../../arm-none-eabi/lib/armv7e-m/fpu\libc_nano.a(lib_a-nano-vfprintf_float.o)
                0x08000d10                __cvt
 .text.__exponent
                0x08000dd8       0x60 c:/ac6/systemworkbench/plugins/fr.ac6.mcu.externaltools.arm-none.win32_1.13.2.201703061525/tools/compiler/bin/../lib/gcc/arm-none-eabi/5.4.1/../../../../arm-none-eabi/lib/armv7e-m/fpu\libc_nano.a(lib_a-nano-vfprintf_float.o)
                0x08000dd8                __exponent
 .text._printf_float
                0x08000e38      0x47c c:/ac6/systemworkbench/plugins/fr.ac6.mcu.externaltools.arm-none.win32_1.13.2.201703061525/tools/compiler/bin/../lib/gcc/arm-none-eabi/5.4.1/../../../../arm-none-eabi/lib/armv7e-m/fpu\libc_nano.a(lib_a-nano-vfprintf_float.o)
                0x08000e38                _printf_float
 .text._printf_common
                0x080012b4       0xec c:/ac6/systemworkbench/plugins/fr.ac6.mcu.externaltools.arm-none.win32_1.13.2.201703061525/tools/compiler/bin/../lib/gcc/arm-none-eabi/5.4.1/../../../../arm-none-eabi/lib/armv7e-m/fpu\libc_nano.a(lib_a-nano-vfprintf_i.o)
                0x080012b4                _printf_common
 .text._printf_i
                0x080013a0      0x24c c:/ac6/systemworkbench/plugins/fr.ac6.mcu.externaltools.arm-none.win32_1.13.2.201703061525/tools/compiler/bin/../lib/gcc/arm-none-eabi/5.4.1/../../../../arm-none-eabi/lib/armv7e-m/fpu\libc_nano.a(lib_a-nano-vfprintf_i.o)
                0x080013a0                _printf_i
 .text.quorem   0x080015ec      0x11e c:/ac6/systemworkbench/plugins/fr.ac6.mcu.externaltools.arm-none.win32_1.13.2.201703061525/tools/compiler/bin/../lib/gcc/arm-none-eabi/5.4.1/../../../../arm-none-eabi/lib/armv7e-m/fpu\libc_nano.a(lib_a-dtoa.o)
 *fill*         0x0800170a        0x6 
 .text._dtoa_r  0x08001710      0xb40 c:/ac6/systemworkbench/plugins/fr.ac6.mcu.externaltools.arm-none.win32_1.13.2.201703061525/tools/compiler/bin/../lib/gcc/arm-none-eabi/5.4.1/../../../../arm-none-eabi/lib/armv7e-m/fpu\libc_nano.a(lib_a-dtoa.o)
                0x08001710                _dtoa_r
 .text.__localeconv_l
                0x08002250        0x4 c:/ac6/systemworkbench/plugins/fr.ac6.mcu.externaltools.arm-none.win32_1.13.2.201703061525/tools/compiler/bin/../lib/gcc/arm-none-eabi/5.4.1/../../../../arm-none-eabi/lib/armv7e-m/fpu\libc_nano.a(lib_a-localeconv.o)
                0x08002250                __localeconv_l
 .text._localeconv_r
                0x08002254       0x1c c:/ac6/systemworkbench/plugins/fr.ac6.mcu.externaltools.arm-none.win32_1.13.2.201703061525/tools/compiler/bin/../lib/gcc/arm-none-eabi/5.4.1/../../../../arm-none-eabi/lib/armv7e-m/fpu\libc_nano.a(lib_a-localeconv.o)
                0x08002254                _localeconv_r
 .text.malloc   0x08002270       0x10 c:/ac6/systemworkbench/plugins/fr.ac6.mcu.externaltools.arm-none.win32_1.13.2.201703061525/tools/compiler/bin/../lib/gcc/arm-none-eabi/5.4.1/../../../../arm-none-eabi/lib/armv7e-m/fpu\libc_nano.a(lib_a-malloc.o)
                0x08002270                malloc
 .text.free     0x08002280       0x10 c:/ac6/systemworkbench/plugins/fr.ac6.mcu.externaltools.arm-none.win32_1.13.2.201703061525/tools/compiler/bin/../lib/gcc/arm-none-eabi/5.4.1/../../../../arm-none-eabi/lib/armv7e-m/fpu\libc_nano.a(lib_a-malloc.o)
                0x08002280                free
 .text.memcpy   0x08002290       0x16 c:/ac6/systemworkbench/plugins/fr.ac6.mcu.externaltools.arm-none.win32_1.13.2.201703061525/tools/compiler/bin/../lib/gcc/arm-none-eabi/5.4.1/../../../../arm-none-eabi/lib/armv7e-m/fpu\libc_nano.a(lib_a-memcpy-stub.o)
                0x08002290                memcpy
 .text._Balloc  0x080022a6       0x6a c:/ac6/systemworkbench/plugins/fr.ac6.mcu.externaltools.arm-none.win32_1.13.2.201703061525/tools/compiler/bin/../lib/gcc/arm-none-eabi/5.4.1/../../../../arm-none-eabi/lib/armv7e-m/fpu\libc_nano.a(lib_a-mprec.o)
                0x080022a6                _Balloc
 .text._Bfree   0x08002310       0x2e c:/ac6/systemworkbench/plugins/fr.ac6.mcu.externaltools.arm-none.win32_1.13.2.201703061525/tools/compiler/bin/../lib/gcc/arm-none-eabi/5.4.1/../../../../arm-none-eabi/lib/armv7e-m/fpu\libc_nano.a(lib_a-mprec.o)
                0x08002310                _Bfree
 .text.__multadd
                0x0800233e       0x76 c:/ac6/systemworkbench/plugins/fr.ac6.mcu.externaltools.arm-none.win32_1.13.2.201703061525/tools/compiler/bin/../lib/gcc/arm-none-eabi/5.4.1/../../../../arm-none-eabi/lib/armv7e-m/fpu\libc_nano.a(lib_a-mprec.o)
                0x0800233e                __multadd
 .text.__s2b    0x080023b4       0x7c c:/ac6/systemworkbench/plugins/fr.ac6.mcu.externaltools.arm-none.win32_1.13.2.201703061525/tools/compiler/bin/../lib/gcc/arm-none-eabi/5.4.1/../../../../arm-none-eabi/lib/armv7e-m/fpu\libc_nano.a(lib_a-mprec.o)
                0x080023b4                __s2b
 .text.__hi0bits
                0x08002430       0x40 c:/ac6/systemworkbench/plugins/fr.ac6.mcu.externaltools.arm-none.win32_1.13.2.201703061525/tools/compiler/bin/../lib/gcc/arm-none-eabi/5.4.1/../../../../arm-none-eabi/lib/armv7e-m/fpu\libc_nano.a(lib_a-mprec.o)
                0x08002430                __hi0bits
 .text.__lo0bits
                0x08002470       0x5a c:/ac6/systemworkbench/plugins/fr.ac6.mcu.externaltools.arm-none.win32_1.13.2.201703061525/tools/compiler/bin/../lib/gcc/arm-none-eabi/5.4.1/../../../../arm-none-eabi/lib/armv7e-m/fpu\libc_nano.a(lib_a-mprec.o)
                0x08002470                __lo0bits
 .text.__i2b    0x080024ca       0x12 c:/ac6/systemworkbench/plugins/fr.ac6.mcu.externaltools.arm-none.win32_1.13.2.201703061525/tools/compiler/bin/../lib/gcc/arm-none-eabi/5.4.1/../../../../arm-none-eabi/lib/armv7e-m/fpu\libc_nano.a(lib_a-mprec.o)
                0x080024ca                __i2b
 .text.__multiply
                0x080024dc      0x122 c:/ac6/systemworkbench/plugins/fr.ac6.mcu.externaltools.arm-none.win32_1.13.2.201703061525/tools/compiler/bin/../lib/gcc/arm-none-eabi/5.4.1/../../../../arm-none-eabi/lib/armv7e-m/fpu\libc_nano.a(lib_a-mprec.o)
                0x080024dc                __multiply
 *fill*         0x080025fe        0x2 
 .text.__pow5mult
                0x08002600       0x9c c:/ac6/systemworkbench/plugins/fr.ac6.mcu.externaltools.arm-none.win32_1.13.2.201703061525/tools/compiler/bin/../lib/gcc/arm-none-eabi/5.4.1/../../../../arm-none-eabi/lib/armv7e-m/fpu\libc_nano.a(lib_a-mprec.o)
                0x08002600                __pow5mult
 .text.__lshift
                0x0800269c       0xa2 c:/ac6/systemworkbench/plugins/fr.ac6.mcu.externaltools.arm-none.win32_1.13.2.201703061525/tools/compiler/bin/../lib/gcc/arm-none-eabi/5.4.1/../../../../arm-none-eabi/lib/armv7e-m/fpu\libc_nano.a(lib_a-mprec.o)
                0x0800269c                __lshift
 .text.__mcmp   0x0800273e       0x38 c:/ac6/systemworkbench/plugins/fr.ac6.mcu.externaltools.arm-none.win32_1.13.2.201703061525/tools/compiler/bin/../lib/gcc/arm-none-eabi/5.4.1/../../../../arm-none-eabi/lib/armv7e-m/fpu\libc_nano.a(lib_a-mprec.o)
                0x0800273e                __mcmp
 .text.__mdiff  0x08002776       0xbe c:/ac6/systemworkbench/plugins/fr.ac6.mcu.externaltools.arm-none.win32_1.13.2.201703061525/tools/compiler/bin/../lib/gcc/arm-none-eabi/5.4.1/../../../../arm-none-eabi/lib/armv7e-m/fpu\libc_nano.a(lib_a-mprec.o)
                0x08002776                __mdiff
 .text.__ulp    0x08002834       0x50 c:/ac6/systemworkbench/plugins/fr.ac6.mcu.externaltools.arm-none.win32_1.13.2.201703061525/tools/compiler/bin/../lib/gcc/arm-none-eabi/5.4.1/../../../../arm-none-eabi/lib/armv7e-m/fpu\libc_nano.a(lib_a-mprec.o)
                0x08002834                __ulp
 .text.__b2d    0x08002884       0x9a c:/ac6/systemworkbench/plugins/fr.ac6.mcu.externaltools.arm-none.win32_1.13.2.201703061525/tools/compiler/bin/../lib/gcc/arm-none-eabi/5.4.1/../../../../arm-none-eabi/lib/armv7e-m/fpu\libc_nano.a(lib_a-mprec.o)
                0x08002884                __b2d
 .text.__d2b    0x0800291e       0x9c c:/ac6/systemworkbench/plugins/fr.ac6.mcu.externaltools.arm-none.win32_1.13.2.201703061525/tools/compiler/bin/../lib/gcc/arm-none-eabi/5.4.1/../../../../arm-none-eabi/lib/armv7e-m/fpu\libc_nano.a(lib_a-mprec.o)
                0x0800291e                __d2b
 .text.__ratio  0x080029ba       0x54 c:/ac6/systemworkbench/plugins/fr.ac6.mcu.externaltools.arm-none.win32_1.13.2.201703061525/tools/compiler/bin/../lib/gcc/arm-none-eabi/5.4.1/../../../../arm-none-eabi/lib/armv7e-m/fpu\libc_nano.a(lib_a-mprec.o)
                0x080029ba                __ratio
 .text.__copybits
                0x08002a0e       0x34 c:/ac6/systemworkbench/plugins/fr.ac6.mcu.externaltools.arm-none.win32_1.13.2.201703061525/tools/compiler/bin/../lib/gcc/arm-none-eabi/5.4.1/../../../../arm-none-eabi/lib/armv7e-m/fpu\libc_nano.a(lib_a-mprec.o)
                0x08002a0e                __copybits
 .text.__any_on
                0x08002a42       0x44 c:/ac6/systemworkbench/plugins/fr.ac6.mcu.externaltools.arm-none.win32_1.13.2.201703061525/tools/compiler/bin/../lib/gcc/arm-none-eabi/5.4.1/../../../../arm-none-eabi/lib/armv7e-m/fpu\libc_nano.a(lib_a-mprec.o)
                0x08002a42                __any_on
 .text._calloc_r
                0x08002a86       0x1c c:/ac6/systemworkbench/plugins/fr.ac6.mcu.externaltools.arm-none.win32_1.13.2.201703061525/tools/compiler/bin/../lib/gcc/arm-none-eabi/5.4.1/../../../../arm-none-eabi/lib/armv7e-m/fpu\libc_nano.a(lib_a-nano-callocr.o)
                0x08002a86                _calloc_r
 *fill*         0x08002aa2        0x2 
 .text._free_r  0x08002aa4       0x9c c:/ac6/systemworkbench/plugins/fr.ac6.mcu.externaltools.arm-none.win32_1.13.2.201703061525/tools/compiler/bin/../lib/gcc/arm-none-eabi/5.4.1/../../../../arm-none-eabi/lib/armv7e-m/fpu\libc_nano.a(lib_a-nano-freer.o)
                0x08002aa4                _free_r
 .text._malloc_r
                0x08002b40       0xbc c:/ac6/systemworkbench/plugins/fr.ac6.mcu.externaltools.arm-none.win32_1.13.2.201703061525/tools/compiler/bin/../lib/gcc/arm-none-eabi/5.4.1/../../../../arm-none-eabi/lib/armv7e-m/fpu\libc_nano.a(lib_a-nano-mallocr.o)
                0x08002b40                _malloc_r
 .text._sbrk_r  0x08002bfc       0x20 c:/ac6/systemworkbench/plugins/fr.ac6.mcu.externaltools.arm-none.win32_1.13.2.201703061525/tools/compiler/bin/../lib/gcc/arm-none-eabi/5.4.1/../../../../arm-none-eabi/lib/armv7e-m/fpu\libc_nano.a(lib_a-sbrkr.o)
                0x08002bfc                _sbrk_r
 .text.__get_current_locale
                0x08002c1c       0x18 c:/ac6/systemworkbench/plugins/fr.ac6.mcu.externaltools.arm-none.win32_1.13.2.201703061525/tools/compiler/bin/../lib/gcc/arm-none-eabi/5.4.1/../../../../arm-none-eabi/lib/armv7e-m/fpu\libc_nano.a(lib_a-locale.o)
 .text.__locale_ctype_ptr
                0x08002c34       0x14 c:/ac6/systemworkbench/plugins/fr.ac6.mcu.externaltools.arm-none.win32_1.13.2.201703061525/tools/compiler/bin/../lib/gcc/arm-none-eabi/5.4.1/../../../../arm-none-eabi/lib/armv7e-m/fpu\libc_nano.a(lib_a-locale.o)
                0x08002c34                __locale_ctype_ptr
 .text.__ascii_mbtowc
                0x08002c48       0x24 c:/ac6/systemworkbench/plugins/fr.ac6.mcu.externaltools.arm-none.win32_1.13.2.201703061525/tools/compiler/bin/../lib/gcc/arm-none-eabi/5.4.1/../../../../arm-none-eabi/lib/armv7e-m/fpu\libc_nano.a(lib_a-mbtowc_r.o)
                0x08002c48                __ascii_mbtowc
 .text.__malloc_lock
                0x08002c6c        0x2 c:/ac6/systemworkbench/plugins/fr.ac6.mcu.externaltools.arm-none.win32_1.13.2.201703061525/tools/compiler/bin/../lib/gcc/arm-none-eabi/5.4.1/../../../../arm-none-eabi/lib/armv7e-m/fpu\libc_nano.a(lib_a-mlock.o)
                0x08002c6c                __malloc_lock
 .text.__malloc_unlock
                0x08002c6e        0x2 c:/ac6/systemworkbench/plugins/fr.ac6.mcu.externaltools.arm-none.win32_1.13.2.201703061525/tools/compiler/bin/../lib/gcc/arm-none-eabi/5.4.1/../../../../arm-none-eabi/lib/armv7e-m/fpu\libc_nano.a(lib_a-mlock.o)
                0x08002c6e                __malloc_unlock
 .text.__ascii_wctomb
                0x08002c70       0x1a c:/ac6/systemworkbench/plugins/fr.ac6.mcu.externaltools.arm-none.win32_1.13.2.201703061525/tools/compiler/bin/../lib/gcc/arm-none-eabi/5.4.1/../../../../arm-none-eabi/lib/armv7e-m/fpu\libc_nano.a(lib_a-wctomb_r.o)
                0x08002c70                __ascii_wctomb
 .text.ili9325_GetLcdPixelWidth
                0x08002c8a        0x6 Drivers\BSP\ili9325.o
                0x08002c8a                ili9325_GetLcdPixelWidth
 .text.ili9325_GetLcdPixelHeight
                0x08002c90        0x4 Drivers\BSP\ili9325.o
                0x08002c90                ili9325_GetLcdPixelHeight
 .text.LCD_IO_WriteMultipleData
                0x08002c94       0x1c Drivers\BSP\ili9325.o
                0x08002c94                LCD_IO_WriteMultipleData
 .text.ili9325_WriteReg
                0x08002cb0       0x1c Drivers\BSP\ili9325.o
                0x08002cb0                ili9325_WriteReg
 .text.ili9325_DisplayOn
                0x08002ccc       0x60 Drivers\BSP\ili9325.o
                0x08002ccc                ili9325_DisplayOn
 .text.ili9325_DisplayOff
                0x08002d2c       0x36 Drivers\BSP\ili9325.o
                0x08002d2c                ili9325_DisplayOff
 .text.ili9325_SetCursor
                0x08002d62       0x1c Drivers\BSP\ili9325.o
                0x08002d62                ili9325_SetCursor
 .text.ili9325_WritePixel
                0x08002d7e       0x20 Drivers\BSP\ili9325.o
                0x08002d7e                ili9325_WritePixel
 .text.ili9325_ReadPixel
                0x08002d9e       0x1a Drivers\BSP\ili9325.o
                0x08002d9e                ili9325_ReadPixel
 .text.ili9325_DrawHLine
                0x08002db8       0x38 Drivers\BSP\ili9325.o
                0x08002db8                ili9325_DrawHLine
 .text.ili9325_DrawRGBImage
                0x08002df0       0x24 Drivers\BSP\ili9325.o
                0x08002df0                ili9325_DrawRGBImage
 .text.ili9325_Clear
                0x08002e14       0x2c Drivers\BSP\ili9325.o
                0x08002e14                ili9325_Clear
 .text.ili9325_Init
                0x08002e40      0x1ec Drivers\BSP\ili9325.o
                0x08002e40                ili9325_Init
 .text.ili9325_SetDisplayWindow
                0x0800302c       0x3a Drivers\BSP\ili9325.o
                0x0800302c                ili9325_SetDisplayWindow
 *fill*         0x08003066        0x2 
 .text.ili9325_DrawVLine
                0x08003068       0x50 Drivers\BSP\ili9325.o
                0x08003068                ili9325_DrawVLine
 .text.ili9325_DrawBitmap
                0x080030b8       0x50 Drivers\BSP\ili9325.o
                0x080030b8                ili9325_DrawBitmap
 .text.ili9325_ReadReg
                0x08003108       0x28 Drivers\BSP\ili9325.o
                0x08003108                ili9325_ReadReg
 .text.ili9325_ReadID
                0x08003130        0x6 Drivers\BSP\ili9325.o
                0x08003130                ili9325_ReadID
 *fill*         0x08003136        0x2 
 .text.LCD_DrawPixel
                0x08003138       0x10 Drivers\BSP\openx07v_c_lcd.o
 .text.LCD_SetDisplayWindow
                0x08003148       0x1c Drivers\BSP\openx07v_c_lcd.o
 .text.BSP_LCD_Init
                0x08003164       0x68 Drivers\BSP\openx07v_c_lcd.o
                0x08003164                BSP_LCD_Init
 .text.BSP_LCD_GetXSize
                0x080031cc       0x10 Drivers\BSP\openx07v_c_lcd.o
                0x080031cc                BSP_LCD_GetXSize
 .text.BSP_LCD_GetYSize
                0x080031dc       0x10 Drivers\BSP\openx07v_c_lcd.o
                0x080031dc                BSP_LCD_GetYSize
 .text.BSP_LCD_SetTextColor
                0x080031ec        0xc Drivers\BSP\openx07v_c_lcd.o
                0x080031ec                BSP_LCD_SetTextColor
 .text.BSP_LCD_SetBackColor
                0x080031f8        0xc Drivers\BSP\openx07v_c_lcd.o
                0x080031f8                BSP_LCD_SetBackColor
 .text.BSP_LCD_SetFont
                0x08003204        0xc Drivers\BSP\openx07v_c_lcd.o
                0x08003204                BSP_LCD_SetFont
 .text.BSP_LCD_DrawHLine
                0x08003210       0x4c Drivers\BSP\openx07v_c_lcd.o
                0x08003210                BSP_LCD_DrawHLine
 .text.BSP_LCD_Clear
                0x0800325c       0x30 Drivers\BSP\openx07v_c_lcd.o
                0x0800325c                BSP_LCD_Clear
 .text.BSP_LCD_DrawVLine
                0x0800328c       0x4c Drivers\BSP\openx07v_c_lcd.o
                0x0800328c                BSP_LCD_DrawVLine
 .text.BSP_LCD_DrawRect
                0x080032d8       0x34 Drivers\BSP\openx07v_c_lcd.o
                0x080032d8                BSP_LCD_DrawRect
 .text.BSP_LCD_DrawBitmap
                0x0800330c       0x48 Drivers\BSP\openx07v_c_lcd.o
                0x0800330c                BSP_LCD_DrawBitmap
 .text.BSP_LCD_DisplayChar
                0x08003354      0x170 Drivers\BSP\openx07v_c_lcd.o
                0x08003354                BSP_LCD_DisplayChar
 .text.BSP_LCD_DisplayStringAt
                0x080034c4       0x98 Drivers\BSP\openx07v_c_lcd.o
                0x080034c4                BSP_LCD_DisplayStringAt
 .text.BSP_LCD_DisplayStringAtLine
                0x0800355c       0x1c Drivers\BSP\openx07v_c_lcd.o
                0x0800355c                BSP_LCD_DisplayStringAtLine
 .text.BSP_LCD_FillRect
                0x08003578       0x30 Drivers\BSP\openx07v_c_lcd.o
                0x08003578                BSP_LCD_FillRect
 .text.BSP_LCD_DisplayOn
                0x080035a8        0xc Drivers\BSP\openx07v_c_lcd.o
                0x080035a8                BSP_LCD_DisplayOn
 .text.RD_AD    0x080035b4       0x2c Drivers\BSP\touch_panel.o
 .text.TP_Init  0x080035e0        0x2 Drivers\BSP\touch_panel.o
                0x080035e0                TP_Init
 *fill*         0x080035e2        0x2 
 .text.Read_X   0x080035e4       0x40 Drivers\BSP\touch_panel.o
                0x080035e4                Read_X
 .text.Read_Y   0x08003624       0x40 Drivers\BSP\touch_panel.o
                0x08003624                Read_Y
 .text.TP_GetAdXY
                0x08003664       0x16 Drivers\BSP\touch_panel.o
                0x08003664                TP_GetAdXY
 .text.DrawCross
                0x0800367a       0x3a Drivers\BSP\touch_panel.o
                0x0800367a                DrawCross
 .text.Read_Ads7846
                0x080036b4      0x158 Drivers\BSP\touch_panel.o
                0x080036b4                Read_Ads7846
 .text.setCalibrationMatrix
                0x0800380c      0x142 Drivers\BSP\touch_panel.o
                0x0800380c                setCalibrationMatrix
 .text.getDisplayPoint
                0x0800394e       0xbe Drivers\BSP\touch_panel.o
                0x0800394e                getDisplayPoint
 .text.TouchPanel_Calibrate
                0x08003a0c       0x88 Drivers\BSP\touch_panel.o
                0x08003a0c                TouchPanel_Calibrate
 .text.HAL_InitTick
                0x08003a94       0x28 Drivers\STM32F4xx_HAL_Driver\Src\stm32f4xx_hal.o
                0x08003a94                HAL_InitTick
 .text.HAL_Init
                0x08003abc       0x34 Drivers\STM32F4xx_HAL_Driver\Src\stm32f4xx_hal.o
                0x08003abc                HAL_Init
 .text.HAL_IncTick
                0x08003af0       0x10 Drivers\STM32F4xx_HAL_Driver\Src\stm32f4xx_hal.o
                0x08003af0                HAL_IncTick
 .text.HAL_GetTick
                0x08003b00        0xc Drivers\STM32F4xx_HAL_Driver\Src\stm32f4xx_hal.o
                0x08003b00                HAL_GetTick
 .text.HAL_Delay
                0x08003b0c       0x1a Drivers\STM32F4xx_HAL_Driver\Src\stm32f4xx_hal.o
                0x08003b0c                HAL_Delay
 *fill*         0x08003b26        0x2 
 .text.HAL_NVIC_SetPriorityGrouping
                0x08003b28       0x24 Drivers\STM32F4xx_HAL_Driver\Src\stm32f4xx_hal_cortex.o
                0x08003b28                HAL_NVIC_SetPriorityGrouping
 .text.HAL_NVIC_SetPriority
                0x08003b4c       0x68 Drivers\STM32F4xx_HAL_Driver\Src\stm32f4xx_hal_cortex.o
                0x08003b4c                HAL_NVIC_SetPriority
 .text.HAL_NVIC_EnableIRQ
                0x08003bb4       0x18 Drivers\STM32F4xx_HAL_Driver\Src\stm32f4xx_hal_cortex.o
                0x08003bb4                HAL_NVIC_EnableIRQ
 .text.HAL_SYSTICK_Config
                0x08003bcc       0x2c Drivers\STM32F4xx_HAL_Driver\Src\stm32f4xx_hal_cortex.o
                0x08003bcc                HAL_SYSTICK_Config
 .text.HAL_SYSTICK_CLKSourceConfig
                0x08003bf8       0x18 Drivers\STM32F4xx_HAL_Driver\Src\stm32f4xx_hal_cortex.o
                0x08003bf8                HAL_SYSTICK_CLKSourceConfig
 .text.HAL_SYSTICK_Callback
                0x08003c10        0x2 Drivers\STM32F4xx_HAL_Driver\Src\stm32f4xx_hal_cortex.o
                0x08003c10                HAL_SYSTICK_Callback
 .text.HAL_SYSTICK_IRQHandler
                0x08003c12        0x8 Drivers\STM32F4xx_HAL_Driver\Src\stm32f4xx_hal_cortex.o
                0x08003c12                HAL_SYSTICK_IRQHandler
 .text.HAL_DMA_Abort_IT
                0x08003c1a       0x24 Drivers\STM32F4xx_HAL_Driver\Src\stm32f4xx_hal_dma.o
                0x08003c1a                HAL_DMA_Abort_IT
 *fill*         0x08003c3e        0x2 
 .text.HAL_GPIO_Init
                0x08003c40      0x1c0 Drivers\STM32F4xx_HAL_Driver\Src\stm32f4xx_hal_gpio.o
                0x08003c40                HAL_GPIO_Init
 .text.HAL_GPIO_ReadPin
                0x08003e00        0xc Drivers\STM32F4xx_HAL_Driver\Src\stm32f4xx_hal_gpio.o
                0x08003e00                HAL_GPIO_ReadPin
 .text.HAL_GPIO_WritePin
                0x08003e0c        0x8 Drivers\STM32F4xx_HAL_Driver\Src\stm32f4xx_hal_gpio.o
                0x08003e0c                HAL_GPIO_WritePin
 .text.HAL_GPIO_TogglePin
                0x08003e14        0x8 Drivers\STM32F4xx_HAL_Driver\Src\stm32f4xx_hal_gpio.o
                0x08003e14                HAL_GPIO_TogglePin
 .text.HAL_RCC_OscConfig
                0x08003e1c      0x31c Drivers\STM32F4xx_HAL_Driver\Src\stm32f4xx_hal_rcc.o
                0x08003e1c                HAL_RCC_OscConfig
 .text.HAL_RCC_GetSysClockFreq
                0x08004138       0x7c Drivers\STM32F4xx_HAL_Driver\Src\stm32f4xx_hal_rcc.o
                0x08004138                HAL_RCC_GetSysClockFreq
 .text.HAL_RCC_ClockConfig
                0x080041b4      0x168 Drivers\STM32F4xx_HAL_Driver\Src\stm32f4xx_hal_rcc.o
                0x080041b4                HAL_RCC_ClockConfig
 .text.HAL_RCC_GetHCLKFreq
                0x0800431c        0xc Drivers\STM32F4xx_HAL_Driver\Src\stm32f4xx_hal_rcc.o
                0x0800431c                HAL_RCC_GetHCLKFreq
 .text.HAL_RCC_GetPCLK1Freq
                0x08004328       0x30 Drivers\STM32F4xx_HAL_Driver\Src\stm32f4xx_hal_rcc.o
                0x08004328                HAL_RCC_GetPCLK1Freq
 .text.HAL_RCC_GetPCLK2Freq
                0x08004358       0x30 Drivers\STM32F4xx_HAL_Driver\Src\stm32f4xx_hal_rcc.o
                0x08004358                HAL_RCC_GetPCLK2Freq
 .text.SPI_WaitFlagStateUntilTimeout
                0x08004388       0x8e Drivers\STM32F4xx_HAL_Driver\Src\stm32f4xx_hal_spi.o
 .text.SPI_CheckFlag_BSY
                0x08004416       0x20 Drivers\STM32F4xx_HAL_Driver\Src\stm32f4xx_hal_spi.o
 .text.HAL_SPI_Init
                0x08004436       0x7a Drivers\STM32F4xx_HAL_Driver\Src\stm32f4xx_hal_spi.o
                0x08004436                HAL_SPI_Init
 .text.HAL_SPI_Transmit
                0x080044b0      0x15a Drivers\STM32F4xx_HAL_Driver\Src\stm32f4xx_hal_spi.o
                0x080044b0                HAL_SPI_Transmit
 .text.HAL_SPI_TransmitReceive
                0x0800460a      0x214 Drivers\STM32F4xx_HAL_Driver\Src\stm32f4xx_hal_spi.o
                0x0800460a                HAL_SPI_TransmitReceive
 .text.HAL_SPI_Receive
                0x0800481e      0x140 Drivers\STM32F4xx_HAL_Driver\Src\stm32f4xx_hal_spi.o
                0x0800481e                HAL_SPI_Receive
 .text.HAL_SPI_ErrorCallback
                0x0800495e        0x2 Drivers\STM32F4xx_HAL_Driver\Src\stm32f4xx_hal_spi.o
                0x0800495e                HAL_SPI_ErrorCallback
 .text.HAL_SPI_IRQHandler
                0x08004960       0xe4 Drivers\STM32F4xx_HAL_Driver\Src\stm32f4xx_hal_spi.o
                0x08004960                HAL_SPI_IRQHandler
 .text.SPI_DMAAbortOnError
                0x08004a44       0x10 Drivers\STM32F4xx_HAL_Driver\Src\stm32f4xx_hal_spi.o
 .text.HAL_SRAM_Init
                0x08004a54       0x54 Drivers\STM32F4xx_HAL_Driver\Src\stm32f4xx_hal_sram.o
                0x08004a54                HAL_SRAM_Init
 .text.UART_SetConfig
                0x08004aa8      0x23c Drivers\STM32F4xx_HAL_Driver\Src\stm32f4xx_hal_uart.o
 .text.UART_WaitOnFlagUntilTimeout.constprop.3
                0x08004ce4       0x50 Drivers\STM32F4xx_HAL_Driver\Src\stm32f4xx_hal_uart.o
 .text.HAL_UART_Init
                0x08004d34       0x5c Drivers\STM32F4xx_HAL_Driver\Src\stm32f4xx_hal_uart.o
                0x08004d34                HAL_UART_Init
 .text.HAL_UART_Transmit
                0x08004d90       0xbc Drivers\STM32F4xx_HAL_Driver\Src\stm32f4xx_hal_uart.o
                0x08004d90                HAL_UART_Transmit
 .text.HAL_UART_Receive
                0x08004e4c       0xbe Drivers\STM32F4xx_HAL_Driver\Src\stm32f4xx_hal_uart.o
                0x08004e4c                HAL_UART_Receive
 *fill*         0x08004f0a        0x2 
 .text.FSMC_NORSRAM_Init
                0x08004f0c       0x58 Drivers\STM32F4xx_HAL_Driver\Src\stm32f4xx_ll_fsmc.o
                0x08004f0c                FSMC_NORSRAM_Init
 .text.FSMC_NORSRAM_Timing_Init
                0x08004f64       0x3c Drivers\STM32F4xx_HAL_Driver\Src\stm32f4xx_ll_fsmc.o
                0x08004f64                FSMC_NORSRAM_Timing_Init
 .text.FSMC_NORSRAM_Extended_Timing_Init
                0x08004fa0       0x3c Drivers\STM32F4xx_HAL_Driver\Src\stm32f4xx_ll_fsmc.o
                0x08004fa0                FSMC_NORSRAM_Extended_Timing_Init
 .text.BSP_TP_Init
                0x08004fdc        0xe Src\Ass-02-Lib.o
                0x08004fdc                BSP_TP_Init
 *fill*         0x08004fea        0x2 
 .text.BSP_TP_GetDisplayPoint
                0x08004fec       0x24 Src\Ass-02-Lib.o
                0x08004fec                BSP_TP_GetDisplayPoint
 .text.Clear_Function
                0x08005010       0x18 Src\Ass-02-Q01.o
                0x08005010                Clear_Function
 .text.Add_Function
                0x08005028       0x64 Src\Ass-02-Q01.o
                0x08005028                Add_Function
 .text.Mul_Function
                0x0800508c       0xb4 Src\Ass-02-Q01.o
                0x0800508c                Mul_Function
 .text.Div_Function
                0x08005140       0xbc Src\Ass-02-Q01.o
                0x08005140                Div_Function
 .text.Sub_Function
                0x080051fc       0x78 Src\Ass-02-Q01.o
                0x080051fc                Sub_Function
 .text.Help_Function
                0x08005274       0x88 Src\Ass-02-Q01.o
                0x08005274                Help_Function
 .text.Debug_Function
                0x080052fc       0x90 Src\Ass-02-Q01.o
                0x080052fc                Debug_Function
 .text.CommandLineParserInit
                0x0800538c       0x20 Src\Ass-02-Q01.o
                0x0800538c                CommandLineParserInit
 .text.string_parser
                0x080053ac       0x7c Src\Ass-02-Q01.o
                0x080053ac                string_parser
 .text.CommandLineParserProcess
                0x08005428      0x100 Src\Ass-02-Q01.o
                0x08005428                CommandLineParserProcess
 .text.Calc_0   0x08005528        0xc Src\Ass-02-Q02.o
                0x08005528                Calc_0
 .text.Calc_Mod
                0x08005534       0x46 Src\Ass-02-Q02.o
                0x08005534                Calc_Mod
 .text.Calc_Add
                0x0800557a       0x44 Src\Ass-02-Q02.o
                0x0800557a                Calc_Add
 .text.Calc_Sub
                0x080055be       0x44 Src\Ass-02-Q02.o
                0x080055be                Calc_Sub
 .text.Calc_Mul
                0x08005602       0x44 Src\Ass-02-Q02.o
                0x08005602                Calc_Mul
 .text.Calc_Div
                0x08005646       0x44 Src\Ass-02-Q02.o
                0x08005646                Calc_Div
 *fill*         0x0800568a        0x6 
 .text.DrawButton
                0x08005690       0xd4 Src\Ass-02-Q02.o
                0x08005690                DrawButton
 .text.CalculatorInit
                0x08005764       0x78 Src\Ass-02-Q02.o
                0x08005764                CalculatorInit
 .text.FindPress
                0x080057dc       0x8c Src\Ass-02-Q02.o
                0x080057dc                FindPress
 .text.Clear_Button
                0x08005868       0x48 Src\Ass-02-Q02.o
                0x08005868                Clear_Button
 .text.Print_To_Screen
                0x080058b0       0x4c Src\Ass-02-Q02.o
                0x080058b0                Print_To_Screen
 .text.Clear_Array
                0x080058fc       0x10 Src\Ass-02-Q02.o
                0x080058fc                Clear_Array
 .text.CalculatorProcess
                0x0800590c      0x42c Src\Ass-02-Q02.o
                0x0800590c                CalculatorProcess
 .text.Ass_02_Main
                0x08005d38       0x30 Src\Ass-02.o
                0x08005d38                Ass_02_Main
 .text.MX_FSMC_Init
                0x08005d68       0x64 Src\fsmc.o
                0x08005d68                MX_FSMC_Init
 .text.HAL_SRAM_MspInit
                0x08005dcc       0x6c Src\fsmc.o
                0x08005dcc                HAL_SRAM_MspInit
 .text.MX_GPIO_Init
                0x08005e38      0x248 Src\gpio.o
                0x08005e38                MX_GPIO_Init
 .text.Sexy_Draw
                0x08006080       0xe8 Src\i2c.o
                0x08006080                Sexy_Draw
 .text.SystemClock_Config
                0x08006168       0xac Src\main.o
                0x08006168                SystemClock_Config
 .text.startup.main
                0x08006214       0x50 Src\main.o
                0x08006214                main
 .text.Error_Handler
                0x08006264        0x2 Src\main.o
                0x08006264                Error_Handler
 *fill*         0x08006266        0x2 
 .text.MX_SPI2_Init
                0x08006268       0x44 Src\spi.o
                0x08006268                MX_SPI2_Init
 .text.HAL_SPI_MspInit
                0x080062ac       0x60 Src\spi.o
                0x080062ac                HAL_SPI_MspInit
 .text.HAL_MspInit
                0x0800630c       0x60 Src\stm32f4xx_hal_msp.o
                0x0800630c                HAL_MspInit
 .text.NMI_Handler
                0x0800636c        0x2 Src\stm32f4xx_it.o
                0x0800636c                NMI_Handler
 .text.HardFault_Handler
                0x0800636e        0x2 Src\stm32f4xx_it.o
                0x0800636e                HardFault_Handler
 .text.MemManage_Handler
                0x08006370        0x2 Src\stm32f4xx_it.o
                0x08006370                MemManage_Handler
 .text.BusFault_Handler
                0x08006372        0x2 Src\stm32f4xx_it.o
                0x08006372                BusFault_Handler
 .text.UsageFault_Handler
                0x08006374        0x2 Src\stm32f4xx_it.o
                0x08006374                UsageFault_Handler
 .text.SVC_Handler
                0x08006376        0x2 Src\stm32f4xx_it.o
                0x08006376                SVC_Handler
 .text.DebugMon_Handler
                0x08006378        0x2 Src\stm32f4xx_it.o
                0x08006378                DebugMon_Handler
 .text.PendSV_Handler
                0x0800637a        0x2 Src\stm32f4xx_it.o
                0x0800637a                PendSV_Handler
 .text.SysTick_Handler
                0x0800637c        0xe Src\stm32f4xx_it.o
                0x0800637c                SysTick_Handler
 *fill*         0x0800638a        0x2 
 .text.SPI2_IRQHandler
                0x0800638c        0xc Src\stm32f4xx_it.o
                0x0800638c                SPI2_IRQHandler
 .text._read    0x08006398       0x1c Src\syscalls.o
                0x08006398                _read
 .text._write   0x080063b4       0x1c Src\syscalls.o
                0x080063b4                _write
 .text._sbrk    0x080063d0       0x34 Src\syscalls.o
                0x080063d0                _sbrk
 .text._close   0x08006404        0x6 Src\syscalls.o
                0x08006404                _close
 .text._fstat   0x0800640a        0xa Src\syscalls.o
                0x0800640a                _fstat
 .text._isatty  0x08006414        0x4 Src\syscalls.o
                0x08006414                _isatty
 .text._lseek   0x08006418        0x4 Src\syscalls.o
                0x08006418                _lseek
 .text.SystemInit
                0x0800641c       0x4c Src\system_stm32f4xx.o
                0x0800641c                SystemInit
 .text.MX_USART2_UART_Init
                0x08006468       0x38 Src\usart.o
                0x08006468                MX_USART2_UART_Init
 .text.HAL_UART_MspInit
                0x080064a0       0x50 Src\usart.o
                0x080064a0                HAL_UART_MspInit
 .text.__io_putchar
                0x080064f0       0x20 Src\usart.o
                0x080064f0                __io_putchar
 .text.__io_getchar
                0x08006510       0x24 Src\usart.o
                0x08006510                __io_getchar
 .text.Reset_Handler
                0x08006534       0x50 startup\startup_stm32f407xx.o
                0x08006534                Reset_Handler
 .text.Default_Handler
                0x08006584        0x2 startup\startup_stm32f407xx.o
                0x08006584                RTC_Alarm_IRQHandler
                0x08006584                HASH_RNG_IRQHandler
                0x08006584                EXTI2_IRQHandler
                0x08006584                TIM8_CC_IRQHandler
                0x08006584                TIM1_CC_IRQHandler
                0x08006584                DMA2_Stream5_IRQHandler
                0x08006584                DMA1_Stream5_IRQHandler
                0x08006584                PVD_IRQHandler
                0x08006584                SDIO_IRQHandler
                0x08006584                TAMP_STAMP_IRQHandler
                0x08006584                CAN2_RX1_IRQHandler
                0x08006584                EXTI3_IRQHandler
                0x08006584                TIM8_TRG_COM_TIM14_IRQHandler
                0x08006584                TIM1_UP_TIM10_IRQHandler
                0x08006584                TIM8_UP_TIM13_IRQHandler
                0x08006584                I2C3_ER_IRQHandler
                0x08006584                EXTI0_IRQHandler
                0x08006584                I2C2_EV_IRQHandler
                0x08006584                DMA1_Stream2_IRQHandler
                0x08006584                CAN1_RX0_IRQHandler
                0x08006584                FPU_IRQHandler
                0x08006584                OTG_HS_WKUP_IRQHandler
                0x08006584                CAN2_SCE_IRQHandler
                0x08006584                DMA2_Stream2_IRQHandler
                0x08006584                SPI1_IRQHandler
                0x08006584                TIM6_DAC_IRQHandler
                0x08006584                TIM1_BRK_TIM9_IRQHandler
                0x08006584                DCMI_IRQHandler
                0x08006584                CAN2_RX0_IRQHandler
                0x08006584                DMA2_Stream3_IRQHandler
                0x08006584                USART6_IRQHandler
                0x08006584                USART3_IRQHandler
                0x08006584                CAN1_RX1_IRQHandler
                0x08006584                UART5_IRQHandler
                0x08006584                DMA2_Stream0_IRQHandler
                0x08006584                TIM4_IRQHandler
                0x08006584                I2C1_EV_IRQHandler
                0x08006584                DMA1_Stream6_IRQHandler
                0x08006584                DMA1_Stream1_IRQHandler
                0x08006584                UART4_IRQHandler
                0x08006584                TIM3_IRQHandler
                0x08006584                RCC_IRQHandler
                0x08006584                TIM8_BRK_TIM12_IRQHandler
                0x08006584                Default_Handler
                0x08006584                EXTI15_10_IRQHandler
                0x08006584                ADC_IRQHandler
                0x08006584                DMA1_Stream7_IRQHandler
                0x08006584                TIM7_IRQHandler
                0x08006584                CAN2_TX_IRQHandler
                0x08006584                TIM5_IRQHandler
                0x08006584                DMA2_Stream7_IRQHandler
                0x08006584                I2C3_EV_IRQHandler
                0x08006584                EXTI9_5_IRQHandler
                0x08006584                RTC_WKUP_IRQHandler
                0x08006584                ETH_WKUP_IRQHandler
                0x08006584                OTG_HS_EP1_IN_IRQHandler
                0x08006584                DMA1_Stream0_IRQHandler
                0x08006584                CAN1_TX_IRQHandler
                0x08006584                EXTI4_IRQHandler
                0x08006584                FSMC_IRQHandler
                0x08006584                ETH_IRQHandler
                0x08006584                OTG_HS_EP1_OUT_IRQHandler
                0x08006584                WWDG_IRQHandler
                0x08006584                TIM2_IRQHandler
                0x08006584                OTG_FS_WKUP_IRQHandler
                0x08006584                TIM1_TRG_COM_TIM11_IRQHandler
                0x08006584                OTG_HS_IRQHandler
                0x08006584                EXTI1_IRQHandler
                0x08006584                USART2_IRQHandler
                0x08006584                I2C2_ER_IRQHandler
                0x08006584                DMA2_Stream1_IRQHandler
                0x08006584                CAN1_SCE_IRQHandler
                0x08006584                FLASH_IRQHandler
                0x08006584                DMA2_Stream4_IRQHandler
                0x08006584                USART1_IRQHandler
                0x08006584                OTG_FS_IRQHandler
                0x08006584                SPI3_IRQHandler
                0x08006584                DMA1_Stream4_IRQHandler
                0x08006584                I2C1_ER_IRQHandler
                0x08006584                DMA2_Stream6_IRQHandler
                0x08006584                DMA1_Stream3_IRQHandler
 .text.atof     0x08006586        0x6 c:/ac6/systemworkbench/plugins/fr.ac6.mcu.externaltools.arm-none.win32_1.13.2.201703061525/tools/compiler/bin/../lib/gcc/arm-none-eabi/5.4.1/../../../../arm-none-eabi/lib/armv7e-m/fpu\libc_nano.a(lib_a-atof.o)
                0x08006586                atof
 .text.__errno  0x0800658c        0xc c:/ac6/systemworkbench/plugins/fr.ac6.mcu.externaltools.arm-none.win32_1.13.2.201703061525/tools/compiler/bin/../lib/gcc/arm-none-eabi/5.4.1/../../../../arm-none-eabi/lib/armv7e-m/fpu\libc_nano.a(lib_a-errno.o)
                0x0800658c                __errno
 .text.printf   0x08006598       0x30 c:/ac6/systemworkbench/plugins/fr.ac6.mcu.externaltools.arm-none.win32_1.13.2.201703061525/tools/compiler/bin/../lib/gcc/arm-none-eabi/5.4.1/../../../../arm-none-eabi/lib/armv7e-m/fpu\libc_nano.a(lib_a-printf.o)
                0x08006598                iprintf
                0x08006598                printf
 .text.putchar  0x080065c8       0x28 c:/ac6/systemworkbench/plugins/fr.ac6.mcu.externaltools.arm-none.win32_1.13.2.201703061525/tools/compiler/bin/../lib/gcc/arm-none-eabi/5.4.1/../../../../arm-none-eabi/lib/armv7e-m/fpu\libc_nano.a(lib_a-putchar.o)
                0x080065c8                putchar
 .text._puts_r  0x080065f0       0xb4 c:/ac6/systemworkbench/plugins/fr.ac6.mcu.externaltools.arm-none.win32_1.13.2.201703061525/tools/compiler/bin/../lib/gcc/arm-none-eabi/5.4.1/../../../../arm-none-eabi/lib/armv7e-m/fpu\libc_nano.a(lib_a-puts.o)
                0x080065f0                _puts_r
 .text.puts     0x080066a4       0x10 c:/ac6/systemworkbench/plugins/fr.ac6.mcu.externaltools.arm-none.win32_1.13.2.201703061525/tools/compiler/bin/../lib/gcc/arm-none-eabi/5.4.1/../../../../arm-none-eabi/lib/armv7e-m/fpu\libc_nano.a(lib_a-puts.o)
                0x080066a4                puts
 .text.rand     0x080066b4       0x74 c:/ac6/systemworkbench/plugins/fr.ac6.mcu.externaltools.arm-none.win32_1.13.2.201703061525/tools/compiler/bin/../lib/gcc/arm-none-eabi/5.4.1/../../../../arm-none-eabi/lib/armv7e-m/fpu\libc_nano.a(lib_a-rand.o)
                0x080066b4                rand
 .text.setvbuf  0x08006728      0x154 c:/ac6/systemworkbench/plugins/fr.ac6.mcu.externaltools.arm-none.win32_1.13.2.201703061525/tools/compiler/bin/../lib/gcc/arm-none-eabi/5.4.1/../../../../arm-none-eabi/lib/armv7e-m/fpu\libc_nano.a(lib_a-setvbuf.o)
                0x08006728                setvbuf
 .text.sprintf  0x0800687c       0x48 c:/ac6/systemworkbench/plugins/fr.ac6.mcu.externaltools.arm-none.win32_1.13.2.201703061525/tools/compiler/bin/../lib/gcc/arm-none-eabi/5.4.1/../../../../arm-none-eabi/lib/armv7e-m/fpu\libc_nano.a(lib_a-sprintf.o)
                0x0800687c                siprintf
                0x0800687c                sprintf
 .text.strcasecmp
                0x080068c4       0x40 c:/ac6/systemworkbench/plugins/fr.ac6.mcu.externaltools.arm-none.win32_1.13.2.201703061525/tools/compiler/bin/../lib/gcc/arm-none-eabi/5.4.1/../../../../arm-none-eabi/lib/armv7e-m/fpu\libc_nano.a(lib_a-strcasecmp.o)
                0x080068c4                strcasecmp
 .text.strcpy   0x08006904       0x10 c:/ac6/systemworkbench/plugins/fr.ac6.mcu.externaltools.arm-none.win32_1.13.2.201703061525/tools/compiler/bin/../lib/gcc/arm-none-eabi/5.4.1/../../../../arm-none-eabi/lib/armv7e-m/fpu\libc_nano.a(lib_a-strcpy.o)
                0x08006904                strcpy
 .text.unlikely.sulp
                0x08006914       0x38 c:/ac6/systemworkbench/plugins/fr.ac6.mcu.externaltools.arm-none.win32_1.13.2.201703061525/tools/compiler/bin/../lib/gcc/arm-none-eabi/5.4.1/../../../../arm-none-eabi/lib/armv7e-m/fpu\libc_nano.a(lib_a-strtod.o)
 *fill*         0x0800694c        0x4 
 .text._strtod_l
                0x08006950      0xbf0 c:/ac6/systemworkbench/plugins/fr.ac6.mcu.externaltools.arm-none.win32_1.13.2.201703061525/tools/compiler/bin/../lib/gcc/arm-none-eabi/5.4.1/../../../../arm-none-eabi/lib/armv7e-m/fpu\libc_nano.a(lib_a-strtod.o)
                0x08006950                _strtod_l
 .text.strtod   0x08007540       0x28 c:/ac6/systemworkbench/plugins/fr.ac6.mcu.externaltools.arm-none.win32_1.13.2.201703061525/tools/compiler/bin/../lib/gcc/arm-none-eabi/5.4.1/../../../../arm-none-eabi/lib/armv7e-m/fpu\libc_nano.a(lib_a-strtod.o)
                0x08007540                strtod
 .text.__swbuf_r
                0x08007568       0xa8 c:/ac6/systemworkbench/plugins/fr.ac6.mcu.externaltools.arm-none.win32_1.13.2.201703061525/tools/compiler/bin/../lib/gcc/arm-none-eabi/5.4.1/../../../../arm-none-eabi/lib/armv7e-m/fpu\libc_nano.a(lib_a-wbuf.o)
                0x08007568                __swbuf_r
 .text.__swsetup_r
                0x08007610       0xdc c:/ac6/systemworkbench/plugins/fr.ac6.mcu.externaltools.arm-none.win32_1.13.2.201703061525/tools/compiler/bin/../lib/gcc/arm-none-eabi/5.4.1/../../../../arm-none-eabi/lib/armv7e-m/fpu\libc_nano.a(lib_a-wsetup.o)
                0x08007610                __swsetup_r
 .text.__sflush_r
                0x080076ec      0x110 c:/ac6/systemworkbench/plugins/fr.ac6.mcu.externaltools.arm-none.win32_1.13.2.201703061525/tools/compiler/bin/../lib/gcc/arm-none-eabi/5.4.1/../../../../arm-none-eabi/lib/armv7e-m/fpu\libc_nano.a(lib_a-fflush.o)
                0x080076ec                __sflush_r
 .text._fflush_r
                0x080077fc       0x54 c:/ac6/systemworkbench/plugins/fr.ac6.mcu.externaltools.arm-none.win32_1.13.2.201703061525/tools/compiler/bin/../lib/gcc/arm-none-eabi/5.4.1/../../../../arm-none-eabi/lib/armv7e-m/fpu\libc_nano.a(lib_a-fflush.o)
                0x080077fc                _fflush_r
 .text._cleanup_r
                0x08007850        0xc c:/ac6/systemworkbench/plugins/fr.ac6.mcu.externaltools.arm-none.win32_1.13.2.201703061525/tools/compiler/bin/../lib/gcc/arm-none-eabi/5.4.1/../../../../arm-none-eabi/lib/armv7e-m/fpu\libc_nano.a(lib_a-findfp.o)
                0x08007850                _cleanup_r
 .text.std.isra.0
                0x0800785c       0x48 c:/ac6/systemworkbench/plugins/fr.ac6.mcu.externaltools.arm-none.win32_1.13.2.201703061525/tools/compiler/bin/../lib/gcc/arm-none-eabi/5.4.1/../../../../arm-none-eabi/lib/armv7e-m/fpu\libc_nano.a(lib_a-findfp.o)
 .text.__sfmoreglue
                0x080078a4       0x2c c:/ac6/systemworkbench/plugins/fr.ac6.mcu.externaltools.arm-none.win32_1.13.2.201703061525/tools/compiler/bin/../lib/gcc/arm-none-eabi/5.4.1/../../../../arm-none-eabi/lib/armv7e-m/fpu\libc_nano.a(lib_a-findfp.o)
                0x080078a4                __sfmoreglue
 .text.__sinit  0x080078d0       0x60 c:/ac6/systemworkbench/plugins/fr.ac6.mcu.externaltools.arm-none.win32_1.13.2.201703061525/tools/compiler/bin/../lib/gcc/arm-none-eabi/5.4.1/../../../../arm-none-eabi/lib/armv7e-m/fpu\libc_nano.a(lib_a-findfp.o)
                0x080078d0                __sinit
 .text.__sfp    0x08007930       0x78 c:/ac6/systemworkbench/plugins/fr.ac6.mcu.externaltools.arm-none.win32_1.13.2.201703061525/tools/compiler/bin/../lib/gcc/arm-none-eabi/5.4.1/../../../../arm-none-eabi/lib/armv7e-m/fpu\libc_nano.a(lib_a-findfp.o)
                0x08007930                __sfp
 .text._fwalk_reent
                0x080079a8       0x3c c:/ac6/systemworkbench/plugins/fr.ac6.mcu.externaltools.arm-none.win32_1.13.2.201703061525/tools/compiler/bin/../lib/gcc/arm-none-eabi/5.4.1/../../../../arm-none-eabi/lib/armv7e-m/fpu\libc_nano.a(lib_a-fwalk.o)
                0x080079a8                _fwalk_reent
 .text.rshift   0x080079e4       0x6c c:/ac6/systemworkbench/plugins/fr.ac6.mcu.externaltools.arm-none.win32_1.13.2.201703061525/tools/compiler/bin/../lib/gcc/arm-none-eabi/5.4.1/../../../../arm-none-eabi/lib/armv7e-m/fpu\libc_nano.a(lib_a-gdtoa-gethex.o)
 .text.__hexdig_fun
                0x08007a50       0x2a c:/ac6/systemworkbench/plugins/fr.ac6.mcu.externaltools.arm-none.win32_1.13.2.201703061525/tools/compiler/bin/../lib/gcc/arm-none-eabi/5.4.1/../../../../arm-none-eabi/lib/armv7e-m/fpu\libc_nano.a(lib_a-gdtoa-gethex.o)
                0x08007a50                __hexdig_fun
 .text.__gethex
                0x08007a7a      0x440 c:/ac6/systemworkbench/plugins/fr.ac6.mcu.externaltools.arm-none.win32_1.13.2.201703061525/tools/compiler/bin/../lib/gcc/arm-none-eabi/5.4.1/../../../../arm-none-eabi/lib/armv7e-m/fpu\libc_nano.a(lib_a-gdtoa-gethex.o)
                0x08007a7a                __gethex
 .text.L_shift  0x08007eba       0x24 c:/ac6/systemworkbench/plugins/fr.ac6.mcu.externaltools.arm-none.win32_1.13.2.201703061525/tools/compiler/bin/../lib/gcc/arm-none-eabi/5.4.1/../../../../arm-none-eabi/lib/armv7e-m/fpu\libc_nano.a(lib_a-gdtoa-hexnan.o)
 .text.__match  0x08007ede       0x26 c:/ac6/systemworkbench/plugins/fr.ac6.mcu.externaltools.arm-none.win32_1.13.2.201703061525/tools/compiler/bin/../lib/gcc/arm-none-eabi/5.4.1/../../../../arm-none-eabi/lib/armv7e-m/fpu\libc_nano.a(lib_a-gdtoa-hexnan.o)
                0x08007ede                __match
 .text.__hexnan
                0x08007f04      0x11c c:/ac6/systemworkbench/plugins/fr.ac6.mcu.externaltools.arm-none.win32_1.13.2.201703061525/tools/compiler/bin/../lib/gcc/arm-none-eabi/5.4.1/../../../../arm-none-eabi/lib/armv7e-m/fpu\libc_nano.a(lib_a-gdtoa-hexnan.o)
                0x08007f04                __hexnan
 .text.__swhatbuf_r
                0x08008020       0x46 c:/ac6/systemworkbench/plugins/fr.ac6.mcu.externaltools.arm-none.win32_1.13.2.201703061525/tools/compiler/bin/../lib/gcc/arm-none-eabi/5.4.1/../../../../arm-none-eabi/lib/armv7e-m/fpu\libc_nano.a(lib_a-makebuf.o)
                0x08008020                __swhatbuf_r
 *fill*         0x08008066        0x2 
 .text.__smakebuf_r
                0x08008068       0x78 c:/ac6/systemworkbench/plugins/fr.ac6.mcu.externaltools.arm-none.win32_1.13.2.201703061525/tools/compiler/bin/../lib/gcc/arm-none-eabi/5.4.1/../../../../arm-none-eabi/lib/armv7e-m/fpu\libc_nano.a(lib_a-makebuf.o)
                0x08008068                __smakebuf_r
 .text.__ssputs_r
                0x080080e0       0xb2 c:/ac6/systemworkbench/plugins/fr.ac6.mcu.externaltools.arm-none.win32_1.13.2.201703061525/tools/compiler/bin/../lib/gcc/arm-none-eabi/5.4.1/../../../../arm-none-eabi/lib/armv7e-m/fpu\libc_nano.a(lib_a-nano-svfprintf.o)
                0x080080e0                __ssputs_r
 *fill*         0x08008192        0x2 
 .text._svfprintf_r
                0x08008194      0x1e8 c:/ac6/systemworkbench/plugins/fr.ac6.mcu.externaltools.arm-none.win32_1.13.2.201703061525/tools/compiler/bin/../lib/gcc/arm-none-eabi/5.4.1/../../../../arm-none-eabi/lib/armv7e-m/fpu\libc_nano.a(lib_a-nano-svfprintf.o)
                0x08008194                _svfiprintf_r
                0x08008194                _svfprintf_r
 .text.__sfputc_r
                0x0800837c       0x30 c:/ac6/systemworkbench/plugins/fr.ac6.mcu.externaltools.arm-none.win32_1.13.2.201703061525/tools/compiler/bin/../lib/gcc/arm-none-eabi/5.4.1/../../../../arm-none-eabi/lib/armv7e-m/fpu\libc_nano.a(lib_a-nano-vfprintf.o)
 .text.__sfputs_r
                0x080083ac       0x24 c:/ac6/systemworkbench/plugins/fr.ac6.mcu.externaltools.arm-none.win32_1.13.2.201703061525/tools/compiler/bin/../lib/gcc/arm-none-eabi/5.4.1/../../../../arm-none-eabi/lib/armv7e-m/fpu\libc_nano.a(lib_a-nano-vfprintf.o)
                0x080083ac                __sfputs_r
 .text._vfprintf_r
                0x080083d0      0x238 c:/ac6/systemworkbench/plugins/fr.ac6.mcu.externaltools.arm-none.win32_1.13.2.201703061525/tools/compiler/bin/../lib/gcc/arm-none-eabi/5.4.1/../../../../arm-none-eabi/lib/armv7e-m/fpu\libc_nano.a(lib_a-nano-vfprintf.o)
                0x080083d0                _vfprintf_r
                0x080083d0                _vfiprintf_r
 .text._putc_r  0x08008608       0x6c c:/ac6/systemworkbench/plugins/fr.ac6.mcu.externaltools.arm-none.win32_1.13.2.201703061525/tools/compiler/bin/../lib/gcc/arm-none-eabi/5.4.1/../../../../arm-none-eabi/lib/armv7e-m/fpu\libc_nano.a(lib_a-putc.o)
                0x08008608                _putc_r
 .text.__sread  0x08008674       0x22 c:/ac6/systemworkbench/plugins/fr.ac6.mcu.externaltools.arm-none.win32_1.13.2.201703061525/tools/compiler/bin/../lib/gcc/arm-none-eabi/5.4.1/../../../../arm-none-eabi/lib/armv7e-m/fpu\libc_nano.a(lib_a-stdio.o)
                0x08008674                __sread
 .text.__swrite
                0x08008696       0x38 c:/ac6/systemworkbench/plugins/fr.ac6.mcu.externaltools.arm-none.win32_1.13.2.201703061525/tools/compiler/bin/../lib/gcc/arm-none-eabi/5.4.1/../../../../arm-none-eabi/lib/armv7e-m/fpu\libc_nano.a(lib_a-stdio.o)
                0x08008696                __swrite
 .text.__sseek  0x080086ce       0x24 c:/ac6/systemworkbench/plugins/fr.ac6.mcu.externaltools.arm-none.win32_1.13.2.201703061525/tools/compiler/bin/../lib/gcc/arm-none-eabi/5.4.1/../../../../arm-none-eabi/lib/armv7e-m/fpu\libc_nano.a(lib_a-stdio.o)
                0x080086ce                __sseek
 .text.__sclose
                0x080086f2        0x8 c:/ac6/systemworkbench/plugins/fr.ac6.mcu.externaltools.arm-none.win32_1.13.2.201703061525/tools/compiler/bin/../lib/gcc/arm-none-eabi/5.4.1/../../../../arm-none-eabi/lib/armv7e-m/fpu\libc_nano.a(lib_a-stdio.o)
                0x080086f2                __sclose
 .text.strncmp  0x080086fa       0x2a c:/ac6/systemworkbench/plugins/fr.ac6.mcu.externaltools.arm-none.win32_1.13.2.201703061525/tools/compiler/bin/../lib/gcc/arm-none-eabi/5.4.1/../../../../arm-none-eabi/lib/armv7e-m/fpu\libc_nano.a(lib_a-strncmp.o)
                0x080086fa                strncmp
 .text._write_r
                0x08008724       0x24 c:/ac6/systemworkbench/plugins/fr.ac6.mcu.externaltools.arm-none.win32_1.13.2.201703061525/tools/compiler/bin/../lib/gcc/arm-none-eabi/5.4.1/../../../../arm-none-eabi/lib/armv7e-m/fpu\libc_nano.a(lib_a-writer.o)
                0x08008724                _write_r
 .text._close_r
                0x08008748       0x20 c:/ac6/systemworkbench/plugins/fr.ac6.mcu.externaltools.arm-none.win32_1.13.2.201703061525/tools/compiler/bin/../lib/gcc/arm-none-eabi/5.4.1/../../../../arm-none-eabi/lib/armv7e-m/fpu\libc_nano.a(lib_a-closer.o)
                0x08008748                _close_r
 .text._fstat_r
                0x08008768       0x24 c:/ac6/systemworkbench/plugins/fr.ac6.mcu.externaltools.arm-none.win32_1.13.2.201703061525/tools/compiler/bin/../lib/gcc/arm-none-eabi/5.4.1/../../../../arm-none-eabi/lib/armv7e-m/fpu\libc_nano.a(lib_a-fstatr.o)
                0x08008768                _fstat_r
 .text._isatty_r
                0x0800878c       0x20 c:/ac6/systemworkbench/plugins/fr.ac6.mcu.externaltools.arm-none.win32_1.13.2.201703061525/tools/compiler/bin/../lib/gcc/arm-none-eabi/5.4.1/../../../../arm-none-eabi/lib/armv7e-m/fpu\libc_nano.a(lib_a-isattyr.o)
                0x0800878c                _isatty_r
 .text._lseek_r
                0x080087ac       0x24 c:/ac6/systemworkbench/plugins/fr.ac6.mcu.externaltools.arm-none.win32_1.13.2.201703061525/tools/compiler/bin/../lib/gcc/arm-none-eabi/5.4.1/../../../../arm-none-eabi/lib/armv7e-m/fpu\libc_nano.a(lib_a-lseekr.o)
                0x080087ac                _lseek_r
 .text.memmove  0x080087d0       0x36 c:/ac6/systemworkbench/plugins/fr.ac6.mcu.externaltools.arm-none.win32_1.13.2.201703061525/tools/compiler/bin/../lib/gcc/arm-none-eabi/5.4.1/../../../../arm-none-eabi/lib/armv7e-m/fpu\libc_nano.a(lib_a-memmove.o)
                0x080087d0                memmove
 .text._realloc_r
                0x08008806       0x4c c:/ac6/systemworkbench/plugins/fr.ac6.mcu.externaltools.arm-none.win32_1.13.2.201703061525/tools/compiler/bin/../lib/gcc/arm-none-eabi/5.4.1/../../../../arm-none-eabi/lib/armv7e-m/fpu\libc_nano.a(lib_a-nano-reallocr.o)
                0x08008806                _realloc_r
 *fill*         0x08008852        0x2 
 .text._read_r  0x08008854       0x24 c:/ac6/systemworkbench/plugins/fr.ac6.mcu.externaltools.arm-none.win32_1.13.2.201703061525/tools/compiler/bin/../lib/gcc/arm-none-eabi/5.4.1/../../../../arm-none-eabi/lib/armv7e-m/fpu\libc_nano.a(lib_a-readr.o)
                0x08008854                _read_r
 .text._malloc_usable_size_r
                0x08008878       0x14 c:/ac6/systemworkbench/plugins/fr.ac6.mcu.externaltools.arm-none.win32_1.13.2.201703061525/tools/compiler/bin/../lib/gcc/arm-none-eabi/5.4.1/../../../../arm-none-eabi/lib/armv7e-m/fpu\libc_nano.a(lib_a-nano-msizer.o)
                0x08008878                _malloc_usable_size_r
 *(.glue_7)
 .glue_7        0x0800888c        0x0 linker stubs
 *(.glue_7t)
 .glue_7t       0x0800888c        0x0 linker stubs
 *(.eh_frame)
 .eh_frame      0x0800888c        0x0 c:/ac6/systemworkbench/plugins/fr.ac6.mcu.externaltools.arm-none.win32_1.13.2.201703061525/tools/compiler/bin/../lib/gcc/arm-none-eabi/5.4.1/armv7e-m/fpu/crtbegin.o
 *(.init)
 .init          0x0800888c        0x4 c:/ac6/systemworkbench/plugins/fr.ac6.mcu.externaltools.arm-none.win32_1.13.2.201703061525/tools/compiler/bin/../lib/gcc/arm-none-eabi/5.4.1/armv7e-m/fpu/crti.o
                0x0800888c                _init
 .init          0x08008890        0x8 c:/ac6/systemworkbench/plugins/fr.ac6.mcu.externaltools.arm-none.win32_1.13.2.201703061525/tools/compiler/bin/../lib/gcc/arm-none-eabi/5.4.1/armv7e-m/fpu/crtn.o
 *(.fini)
 .fini          0x08008898        0x4 c:/ac6/systemworkbench/plugins/fr.ac6.mcu.externaltools.arm-none.win32_1.13.2.201703061525/tools/compiler/bin/../lib/gcc/arm-none-eabi/5.4.1/armv7e-m/fpu/crti.o
                0x08008898                _fini
 .fini          0x0800889c        0x8 c:/ac6/systemworkbench/plugins/fr.ac6.mcu.externaltools.arm-none.win32_1.13.2.201703061525/tools/compiler/bin/../lib/gcc/arm-none-eabi/5.4.1/armv7e-m/fpu/crtn.o
                0x080088a4                . = ALIGN (0x4)
                0x080088a4                _etext = .

.vfp11_veneer   0x080088a4        0x0
 .vfp11_veneer  0x080088a4        0x0 linker stubs

.v4_bx          0x080088a4        0x0
 .v4_bx         0x080088a4        0x0 linker stubs

.iplt           0x080088a4        0x0
 .iplt          0x080088a4        0x0 c:/ac6/systemworkbench/plugins/fr.ac6.mcu.externaltools.arm-none.win32_1.13.2.201703061525/tools/compiler/bin/../lib/gcc/arm-none-eabi/5.4.1/armv7e-m/fpu/crtbegin.o

.rodata         0x080088a8     0x3bb0
                0x080088a8                . = ALIGN (0x4)
 *(.rodata)
 .rodata        0x080088a8      0x474 Drivers\Fonts\font12.o
                0x080088a8                Font12_Table
 .rodata        0x08008d1c      0xed8 Drivers\Fonts\font20.o
                0x08008d1c                Font20_Table
 .rodata        0x08009bf4     0x1ab8 Drivers\Fonts\font24.o
                0x08009bf4                Font24_Table
 .rodata        0x0800b6ac       0x10 Drivers\STM32F4xx_HAL_Driver\Src\stm32f4xx_hal_rcc.o
                0x0800b6ac                APBAHBPrescTable
 .rodata        0x0800b6bc       0x6c Src\Ass-02-Q01.o
                0x0800b6bc                CommandList
 .rodata        0x0800b728      0x33c Src\Ass-02-Q02.o
                0x0800b728                ButtonList
 *(.rodata*)
 .rodata._global_impure_ptr
                0x0800ba64        0x4 c:/ac6/systemworkbench/plugins/fr.ac6.mcu.externaltools.arm-none.win32_1.13.2.201703061525/tools/compiler/bin/../lib/gcc/arm-none-eabi/5.4.1/../../../../arm-none-eabi/lib/armv7e-m/fpu\libc_nano.a(lib_a-impure.o)
                0x0800ba64                _global_impure_ptr
 .rodata.str1.1
                0x0800ba68       0x12 c:/ac6/systemworkbench/plugins/fr.ac6.mcu.externaltools.arm-none.win32_1.13.2.201703061525/tools/compiler/bin/../lib/gcc/arm-none-eabi/5.4.1/../../../../arm-none-eabi/lib/armv7e-m/fpu\libc_nano.a(lib_a-nano-vfprintf_float.o)
 .rodata.str1.1
                0x0800ba7a       0x22 c:/ac6/systemworkbench/plugins/fr.ac6.mcu.externaltools.arm-none.win32_1.13.2.201703061525/tools/compiler/bin/../lib/gcc/arm-none-eabi/5.4.1/../../../../arm-none-eabi/lib/armv7e-m/fpu\libc_nano.a(lib_a-nano-vfprintf_i.o)
 .rodata.str1.1
                0x0800ba9c        0xd c:/ac6/systemworkbench/plugins/fr.ac6.mcu.externaltools.arm-none.win32_1.13.2.201703061525/tools/compiler/bin/../lib/gcc/arm-none-eabi/5.4.1/../../../../arm-none-eabi/lib/armv7e-m/fpu\libc_nano.a(lib_a-dtoa.o)
                                  0xf (size before relaxing)
 *fill*         0x0800baa9        0x7 
 .rodata.__mprec_tens
                0x0800bab0       0xc8 c:/ac6/systemworkbench/plugins/fr.ac6.mcu.externaltools.arm-none.win32_1.13.2.201703061525/tools/compiler/bin/../lib/gcc/arm-none-eabi/5.4.1/../../../../arm-none-eabi/lib/armv7e-m/fpu\libc_nano.a(lib_a-mprec.o)
                0x0800bab0                __mprec_tens
 .rodata.__mprec_bigtens
                0x0800bb78       0x28 c:/ac6/systemworkbench/plugins/fr.ac6.mcu.externaltools.arm-none.win32_1.13.2.201703061525/tools/compiler/bin/../lib/gcc/arm-none-eabi/5.4.1/../../../../arm-none-eabi/lib/armv7e-m/fpu\libc_nano.a(lib_a-mprec.o)
                0x0800bb78                __mprec_bigtens
 .rodata.p05.6099
                0x0800bba0        0xc c:/ac6/systemworkbench/plugins/fr.ac6.mcu.externaltools.arm-none.win32_1.13.2.201703061525/tools/compiler/bin/../lib/gcc/arm-none-eabi/5.4.1/../../../../arm-none-eabi/lib/armv7e-m/fpu\libc_nano.a(lib_a-mprec.o)
 .rodata.str1.1
                0x0800bbac        0x8 c:/ac6/systemworkbench/plugins/fr.ac6.mcu.externaltools.arm-none.win32_1.13.2.201703061525/tools/compiler/bin/../lib/gcc/arm-none-eabi/5.4.1/../../../../arm-none-eabi/lib/armv7e-m/fpu\libc_nano.a(lib_a-locale.o)
                                  0xb (size before relaxing)
 .rodata._ctype_
                0x0800bbb4      0x101 c:/ac6/systemworkbench/plugins/fr.ac6.mcu.externaltools.arm-none.win32_1.13.2.201703061525/tools/compiler/bin/../lib/gcc/arm-none-eabi/5.4.1/../../../../arm-none-eabi/lib/armv7e-m/fpu\libc_nano.a(lib_a-ctype_.o)
                0x0800bbb4                _ctype_
 .rodata.str1.1
                0x0800bcb5       0x26 Drivers\BSP\openx07v_c_lcd.o
 .rodata.str1.1
                0x0800bcdb       0x32 Drivers\BSP\touch_panel.o
 .rodata.str1.1
                0x0800bd0d      0x552 Src\Ass-02-Q01.o
                                0x557 (size before relaxing)
 .rodata.str1.1
                0x0800c25f       0xc2 Src\Ass-02-Q02.o
                                 0xd1 (size before relaxing)
 .rodata.str1.1
                0x0800c321       0x6f Src\i2c.o
 .rodata.fpi.6181
                0x0800c390       0x14 c:/ac6/systemworkbench/plugins/fr.ac6.mcu.externaltools.arm-none.win32_1.13.2.201703061525/tools/compiler/bin/../lib/gcc/arm-none-eabi/5.4.1/../../../../arm-none-eabi/lib/armv7e-m/fpu\libc_nano.a(lib_a-strtod.o)
 .rodata.str1.1
                0x0800c3a4       0x6f c:/ac6/systemworkbench/plugins/fr.ac6.mcu.externaltools.arm-none.win32_1.13.2.201703061525/tools/compiler/bin/../lib/gcc/arm-none-eabi/5.4.1/../../../../arm-none-eabi/lib/armv7e-m/fpu\libc_nano.a(lib_a-strtod.o)
                                  0xc (size before relaxing)
 *fill*         0x0800c3a4        0x4 
 .rodata.tinytens
                0x0800c3a8       0x28 c:/ac6/systemworkbench/plugins/fr.ac6.mcu.externaltools.arm-none.win32_1.13.2.201703061525/tools/compiler/bin/../lib/gcc/arm-none-eabi/5.4.1/../../../../arm-none-eabi/lib/armv7e-m/fpu\libc_nano.a(lib_a-strtod.o)
 .rodata.fpinan.6217
                0x0800c3d0       0x14 c:/ac6/systemworkbench/plugins/fr.ac6.mcu.externaltools.arm-none.win32_1.13.2.201703061525/tools/compiler/bin/../lib/gcc/arm-none-eabi/5.4.1/../../../../arm-none-eabi/lib/armv7e-m/fpu\libc_nano.a(lib_a-strtod.o)
 .rodata.__sf_fake_stdin
                0x0800c3e4       0x20 c:/ac6/systemworkbench/plugins/fr.ac6.mcu.externaltools.arm-none.win32_1.13.2.201703061525/tools/compiler/bin/../lib/gcc/arm-none-eabi/5.4.1/../../../../arm-none-eabi/lib/armv7e-m/fpu\libc_nano.a(lib_a-findfp.o)
                0x0800c3e4                __sf_fake_stdin
 .rodata.__sf_fake_stdout
                0x0800c404       0x20 c:/ac6/systemworkbench/plugins/fr.ac6.mcu.externaltools.arm-none.win32_1.13.2.201703061525/tools/compiler/bin/../lib/gcc/arm-none-eabi/5.4.1/../../../../arm-none-eabi/lib/armv7e-m/fpu\libc_nano.a(lib_a-findfp.o)
                0x0800c404                __sf_fake_stdout
 .rodata.__sf_fake_stderr
                0x0800c424       0x20 c:/ac6/systemworkbench/plugins/fr.ac6.mcu.externaltools.arm-none.win32_1.13.2.201703061525/tools/compiler/bin/../lib/gcc/arm-none-eabi/5.4.1/../../../../arm-none-eabi/lib/armv7e-m/fpu\libc_nano.a(lib_a-findfp.o)
                0x0800c424                __sf_fake_stderr
 .rodata.str1.1
                0x0800c444       0x11 c:/ac6/systemworkbench/plugins/fr.ac6.mcu.externaltools.arm-none.win32_1.13.2.201703061525/tools/compiler/bin/../lib/gcc/arm-none-eabi/5.4.1/../../../../arm-none-eabi/lib/armv7e-m/fpu\libc_nano.a(lib_a-nano-svfprintf.o)
 .rodata.str1.1
                0x0800c455       0x11 c:/ac6/systemworkbench/plugins/fr.ac6.mcu.externaltools.arm-none.win32_1.13.2.201703061525/tools/compiler/bin/../lib/gcc/arm-none-eabi/5.4.1/../../../../arm-none-eabi/lib/armv7e-m/fpu\libc_nano.a(lib_a-nano-vfprintf.o)
                0x0800c468                . = ALIGN (0x4)
 *fill*         0x0800c455        0x3 

.rel.dyn        0x0800c458        0x0
 .rel.iplt      0x0800c458        0x0 c:/ac6/systemworkbench/plugins/fr.ac6.mcu.externaltools.arm-none.win32_1.13.2.201703061525/tools/compiler/bin/../lib/gcc/arm-none-eabi/5.4.1/armv7e-m/fpu/crtbegin.o

.ARM.extab
 *(.ARM.extab* .gnu.linkonce.armextab.*)

.ARM            0x0800c458        0x0
                0x0800c458                __exidx_start = .
 *(.ARM.exidx*)
                0x0800c458                __exidx_end = .

.preinit_array  0x0800c458        0x0
                0x0800c458                PROVIDE (__preinit_array_start, .)
 *(.preinit_array*)
                0x0800c458                PROVIDE (__preinit_array_end, .)

.init_array     0x0800c458        0x4
                0x0800c458                PROVIDE (__init_array_start, .)
 *(SORT(.init_array.*))
 *(.init_array*)
 .init_array    0x0800c458        0x4 c:/ac6/systemworkbench/plugins/fr.ac6.mcu.externaltools.arm-none.win32_1.13.2.201703061525/tools/compiler/bin/../lib/gcc/arm-none-eabi/5.4.1/armv7e-m/fpu/crtbegin.o
                0x0800c45c                PROVIDE (__init_array_end, .)

.fini_array     0x0800c45c        0x4
                [!provide]                PROVIDE (__fini_array_start, .)
 *(SORT(.fini_array.*))
 *(.fini_array*)
 .fini_array    0x0800c45c        0x4 c:/ac6/systemworkbench/plugins/fr.ac6.mcu.externaltools.arm-none.win32_1.13.2.201703061525/tools/compiler/bin/../lib/gcc/arm-none-eabi/5.4.1/armv7e-m/fpu/crtbegin.o
                [!provide]                PROVIDE (__fini_array_end, .)
                0x0800c460                _sidata = LOADADDR (.data)

.data           0x20000000      0x238 load address 0x0800c460
                0x20000000                . = ALIGN (0x4)
                0x20000000                _sdata = .
 *(.data)
 .data          0x20000000       0x3c Drivers\BSP\ili9325.o
                0x20000000                ili9325_drv
 .data          0x2000003c        0xc Drivers\BSP\touch_panel.o
                0x2000003c                DisplaySample
 .data          0x20000048        0x8 Drivers\Fonts\font12.o
                0x20000048                Font12
 .data          0x20000050        0x8 Drivers\Fonts\font20.o
                0x20000050                Font20
 .data          0x20000058        0x8 Drivers\Fonts\font24.o
                0x20000058                Font24
 .data          0x20000060        0x1 Src\Ass-02-Q02.o
 *fill*         0x20000061        0x3 
 .data          0x20000064        0x4 Src\system_stm32f4xx.o
                0x20000064                SystemCoreClock
 *(.data*)
 .data.impure_data
                0x20000068       0x60 c:/ac6/systemworkbench/plugins/fr.ac6.mcu.externaltools.arm-none.win32_1.13.2.201703061525/tools/compiler/bin/../lib/gcc/arm-none-eabi/5.4.1/../../../../arm-none-eabi/lib/armv7e-m/fpu\libc_nano.a(lib_a-impure.o)
 .data._impure_ptr
                0x200000c8        0x4 c:/ac6/systemworkbench/plugins/fr.ac6.mcu.externaltools.arm-none.win32_1.13.2.201703061525/tools/compiler/bin/../lib/gcc/arm-none-eabi/5.4.1/../../../../arm-none-eabi/lib/armv7e-m/fpu\libc_nano.a(lib_a-impure.o)
                0x200000c8                _impure_ptr
 .data.__global_locale
                0x200000cc      0x16c c:/ac6/systemworkbench/plugins/fr.ac6.mcu.externaltools.arm-none.win32_1.13.2.201703061525/tools/compiler/bin/../lib/gcc/arm-none-eabi/5.4.1/../../../../arm-none-eabi/lib/armv7e-m/fpu\libc_nano.a(lib_a-locale.o)
                0x200000cc                __global_locale
                0x20000238                . = ALIGN (0x4)
                0x20000238                _edata = .
                0x0800c698                _siccmram = LOADADDR (.ccmram)

.jcr            0x20000238        0x0 load address 0x0800c698
 .jcr           0x20000238        0x0 c:/ac6/systemworkbench/plugins/fr.ac6.mcu.externaltools.arm-none.win32_1.13.2.201703061525/tools/compiler/bin/../lib/gcc/arm-none-eabi/5.4.1/armv7e-m/fpu/crtbegin.o

.igot.plt       0x20000238        0x0 load address 0x0800c698
 .igot.plt      0x20000238        0x0 c:/ac6/systemworkbench/plugins/fr.ac6.mcu.externaltools.arm-none.win32_1.13.2.201703061525/tools/compiler/bin/../lib/gcc/arm-none-eabi/5.4.1/armv7e-m/fpu/crtbegin.o

.ccmram         0x10000000        0x0 load address 0x0800c698
                0x10000000                . = ALIGN (0x4)
                0x10000000                _sccmram = .
 *(.ccmram)
 *(.ccmram*)
                0x10000000                . = ALIGN (0x4)
                0x10000000                _eccmram = .
                0x10000000                . = ALIGN (0x4)

.bss            0x20000238      0x89c
                0x20000238                _sbss = .
                0x20000238                __bss_start__ = _sbss
 *(.bss)
 .bss           0x20000238       0x1c c:/ac6/systemworkbench/plugins/fr.ac6.mcu.externaltools.arm-none.win32_1.13.2.201703061525/tools/compiler/bin/../lib/gcc/arm-none-eabi/5.4.1/armv7e-m/fpu/crtbegin.o
 .bss           0x20000254      0x280 Drivers\BSP\ili9325.o
 .bss           0x200004d4      0x36a Drivers\BSP\openx07v_c_lcd.o
 .bss           0x2000083e        0x4 Drivers\BSP\touch_panel.o
 .bss           0x20000842       0x67 Src\Ass-02-Q01.o
                0x20000842                Debug
 .bss           0x200008a9       0xce Src\Ass-02-Q02.o
 *fill*         0x20000977        0x1 
 .bss           0x20000978        0x8 Src\fsmc.o
 .bss           0x20000980        0x8 Src\syscalls.o
                0x20000984                __env
 *(.bss*)
 .bss.__malloc_sbrk_start
                0x20000988        0x4 c:/ac6/systemworkbench/plugins/fr.ac6.mcu.externaltools.arm-none.win32_1.13.2.201703061525/tools/compiler/bin/../lib/gcc/arm-none-eabi/5.4.1/../../../../arm-none-eabi/lib/armv7e-m/fpu\libc_nano.a(lib_a-nano-mallocr.o)
                0x20000988                __malloc_sbrk_start
 .bss.__malloc_free_list
                0x2000098c        0x4 c:/ac6/systemworkbench/plugins/fr.ac6.mcu.externaltools.arm-none.win32_1.13.2.201703061525/tools/compiler/bin/../lib/gcc/arm-none-eabi/5.4.1/../../../../arm-none-eabi/lib/armv7e-m/fpu\libc_nano.a(lib_a-nano-mallocr.o)
                0x2000098c                __malloc_free_list
 *(COMMON)
 COMMON         0x20000990        0x4 c:/ac6/systemworkbench/plugins/fr.ac6.mcu.externaltools.arm-none.win32_1.13.2.201703061525/tools/compiler/bin/../lib/gcc/arm-none-eabi/5.4.1/../../../../arm-none-eabi/lib/armv7e-m/fpu\libc_nano.a(lib_a-reent.o)
                0x20000990                errno
 COMMON         0x20000994        0xc Drivers\BSP\openx07v_c_lcd.o
                0x20000994                DrawProp
 COMMON         0x200009a0       0x48 Drivers\BSP\touch_panel.o
                0x200009a0                display
                0x200009a4                ScreenSample
                0x200009b0                matrix
 COMMON         0x200009e8        0x4 Drivers\STM32F4xx_HAL_Driver\Src\stm32f4xx_hal.o
                0x200009e8                uwTick
 COMMON         0x200009ec       0x50 Src\fsmc.o
                0x200009ec                hsram1
 COMMON         0x20000a3c       0x58 Src\spi.o
                0x20000a3c                hspi2
 COMMON         0x20000a94       0x40 Src\usart.o
                0x20000a94                huart2
                0x20000ad4                . = ALIGN (0x4)
                0x20000ad4                _ebss = .
                0x20000ad4                __bss_end__ = _ebss

._user_heap_stack
                0x20000ad4     0x6004
                0x20000ad8                . = ALIGN (0x8)
 *fill*         0x20000ad4        0x4 
                0x20000ad8                PROVIDE (end, .)
                [!provide]                PROVIDE (_end, .)
                0x20002ad8                . = (. + _Min_Heap_Size)
 *fill*         0x20000ad8     0x2000 
                0x20006ad8                . = (. + _Min_Stack_Size)
 *fill*         0x20002ad8     0x4000 
                0x20006ad8                . = ALIGN (0x8)

/DISCARD/
 libc.a(*)
 libm.a(*)
 libgcc.a(*)

.ARM.attributes
                0x00000000       0x30
 *(.ARM.attributes)
 .ARM.attributes
                0x00000000       0x22 c:/ac6/systemworkbench/plugins/fr.ac6.mcu.externaltools.arm-none.win32_1.13.2.201703061525/tools/compiler/bin/../lib/gcc/arm-none-eabi/5.4.1/armv7e-m/fpu/crti.o
 .ARM.attributes
                0x00000022       0x34 c:/ac6/systemworkbench/plugins/fr.ac6.mcu.externaltools.arm-none.win32_1.13.2.201703061525/tools/compiler/bin/../lib/gcc/arm-none-eabi/5.4.1/armv7e-m/fpu/crtbegin.o
 .ARM.attributes
                0x00000056       0x34 c:/ac6/systemworkbench/plugins/fr.ac6.mcu.externaltools.arm-none.win32_1.13.2.201703061525/tools/compiler/bin/../lib/gcc/arm-none-eabi/5.4.1/../../../../arm-none-eabi/lib/armv7e-m/fpu\libc_nano.a(lib_a-impure.o)
 .ARM.attributes
                0x0000008a       0x34 c:/ac6/systemworkbench/plugins/fr.ac6.mcu.externaltools.arm-none.win32_1.13.2.201703061525/tools/compiler/bin/../lib/gcc/arm-none-eabi/5.4.1/../../../../arm-none-eabi/lib/armv7e-m/fpu\libc_nano.a(lib_a-init.o)
 .ARM.attributes
                0x000000be       0x34 c:/ac6/systemworkbench/plugins/fr.ac6.mcu.externaltools.arm-none.win32_1.13.2.201703061525/tools/compiler/bin/../lib/gcc/arm-none-eabi/5.4.1/../../../../arm-none-eabi/lib/armv7e-m/fpu\libc_nano.a(lib_a-memset.o)
 .ARM.attributes
                0x000000f2       0x34 c:/ac6/systemworkbench/plugins/fr.ac6.mcu.externaltools.arm-none.win32_1.13.2.201703061525/tools/compiler/bin/../lib/gcc/arm-none-eabi/5.4.1/../../../../arm-none-eabi/lib/armv7e-m/fpu\libc_nano.a(lib_a-nano-vfprintf_float.o)
 .ARM.attributes
                0x00000126       0x34 c:/ac6/systemworkbench/plugins/fr.ac6.mcu.externaltools.arm-none.win32_1.13.2.201703061525/tools/compiler/bin/../lib/gcc/arm-none-eabi/5.4.1/../../../../arm-none-eabi/lib/armv7e-m/fpu\libc_nano.a(lib_a-nano-vfprintf_i.o)
 .ARM.attributes
                0x0000015a       0x1b c:/ac6/systemworkbench/plugins/fr.ac6.mcu.externaltools.arm-none.win32_1.13.2.201703061525/tools/compiler/bin/../lib/gcc/arm-none-eabi/5.4.1/../../../../arm-none-eabi/lib/armv7e-m/fpu\libc_nano.a(lib_a-strlen.o)
 .ARM.attributes
                0x00000175       0x34 c:/ac6/systemworkbench/plugins/fr.ac6.mcu.externaltools.arm-none.win32_1.13.2.201703061525/tools/compiler/bin/../lib/gcc/arm-none-eabi/5.4.1/../../../../arm-none-eabi/lib/armv7e-m/fpu\libc_nano.a(lib_a-dtoa.o)
 .ARM.attributes
                0x000001a9       0x34 c:/ac6/systemworkbench/plugins/fr.ac6.mcu.externaltools.arm-none.win32_1.13.2.201703061525/tools/compiler/bin/../lib/gcc/arm-none-eabi/5.4.1/../../../../arm-none-eabi/lib/armv7e-m/fpu\libc_nano.a(lib_a-localeconv.o)
 .ARM.attributes
                0x000001dd       0x34 c:/ac6/systemworkbench/plugins/fr.ac6.mcu.externaltools.arm-none.win32_1.13.2.201703061525/tools/compiler/bin/../lib/gcc/arm-none-eabi/5.4.1/../../../../arm-none-eabi/lib/armv7e-m/fpu\libc_nano.a(lib_a-malloc.o)
 .ARM.attributes
                0x00000211       0x20 c:/ac6/systemworkbench/plugins/fr.ac6.mcu.externaltools.arm-none.win32_1.13.2.201703061525/tools/compiler/bin/../lib/gcc/arm-none-eabi/5.4.1/../../../../arm-none-eabi/lib/armv7e-m/fpu\libc_nano.a(lib_a-memchr.o)
 .ARM.attributes
                0x00000231       0x34 c:/ac6/systemworkbench/plugins/fr.ac6.mcu.externaltools.arm-none.win32_1.13.2.201703061525/tools/compiler/bin/../lib/gcc/arm-none-eabi/5.4.1/../../../../arm-none-eabi/lib/armv7e-m/fpu\libc_nano.a(lib_a-memcpy-stub.o)
 .ARM.attributes
                0x00000265       0x34 c:/ac6/systemworkbench/plugins/fr.ac6.mcu.externaltools.arm-none.win32_1.13.2.201703061525/tools/compiler/bin/../lib/gcc/arm-none-eabi/5.4.1/../../../../arm-none-eabi/lib/armv7e-m/fpu\libc_nano.a(lib_a-mprec.o)
 .ARM.attributes
                0x00000299       0x34 c:/ac6/systemworkbench/plugins/fr.ac6.mcu.externaltools.arm-none.win32_1.13.2.201703061525/tools/compiler/bin/../lib/gcc/arm-none-eabi/5.4.1/../../../../arm-none-eabi/lib/armv7e-m/fpu\libc_nano.a(lib_a-nano-callocr.o)
 .ARM.attributes
                0x000002cd       0x34 c:/ac6/systemworkbench/plugins/fr.ac6.mcu.externaltools.arm-none.win32_1.13.2.201703061525/tools/compiler/bin/../lib/gcc/arm-none-eabi/5.4.1/../../../../arm-none-eabi/lib/armv7e-m/fpu\libc_nano.a(lib_a-nano-freer.o)
 .ARM.attributes
                0x00000301       0x34 c:/ac6/systemworkbench/plugins/fr.ac6.mcu.externaltools.arm-none.win32_1.13.2.201703061525/tools/compiler/bin/../lib/gcc/arm-none-eabi/5.4.1/../../../../arm-none-eabi/lib/armv7e-m/fpu\libc_nano.a(lib_a-nano-mallocr.o)
 .ARM.attributes
                0x00000335       0x34 c:/ac6/systemworkbench/plugins/fr.ac6.mcu.externaltools.arm-none.win32_1.13.2.201703061525/tools/compiler/bin/../lib/gcc/arm-none-eabi/5.4.1/../../../../arm-none-eabi/lib/armv7e-m/fpu\libc_nano.a(lib_a-sbrkr.o)
 .ARM.attributes
                0x00000369       0x34 c:/ac6/systemworkbench/plugins/fr.ac6.mcu.externaltools.arm-none.win32_1.13.2.201703061525/tools/compiler/bin/../lib/gcc/arm-none-eabi/5.4.1/../../../../arm-none-eabi/lib/armv7e-m/fpu\libc_nano.a(lib_a-locale.o)
 .ARM.attributes
                0x0000039d       0x34 c:/ac6/systemworkbench/plugins/fr.ac6.mcu.externaltools.arm-none.win32_1.13.2.201703061525/tools/compiler/bin/../lib/gcc/arm-none-eabi/5.4.1/../../../../arm-none-eabi/lib/armv7e-m/fpu\libc_nano.a(lib_a-mbtowc_r.o)
 .ARM.attributes
                0x000003d1       0x34 c:/ac6/systemworkbench/plugins/fr.ac6.mcu.externaltools.arm-none.win32_1.13.2.201703061525/tools/compiler/bin/../lib/gcc/arm-none-eabi/5.4.1/../../../../arm-none-eabi/lib/armv7e-m/fpu\libc_nano.a(lib_a-mlock.o)
 .ARM.attributes
                0x00000405       0x34 c:/ac6/systemworkbench/plugins/fr.ac6.mcu.externaltools.arm-none.win32_1.13.2.201703061525/tools/compiler/bin/../lib/gcc/arm-none-eabi/5.4.1/../../../../arm-none-eabi/lib/armv7e-m/fpu\libc_nano.a(lib_a-reent.o)
 .ARM.attributes
                0x00000439       0x20 c:/ac6/systemworkbench/plugins/fr.ac6.mcu.externaltools.arm-none.win32_1.13.2.201703061525/tools/compiler/bin/../lib/gcc/arm-none-eabi/5.4.1/../../../../arm-none-eabi/lib/armv7e-m/fpu\libc_nano.a(lib_a-strcmp.o)
 .ARM.attributes
                0x00000459       0x34 c:/ac6/systemworkbench/plugins/fr.ac6.mcu.externaltools.arm-none.win32_1.13.2.201703061525/tools/compiler/bin/../lib/gcc/arm-none-eabi/5.4.1/../../../../arm-none-eabi/lib/armv7e-m/fpu\libc_nano.a(lib_a-wctomb_r.o)
 .ARM.attributes
                0x0000048d       0x34 c:/ac6/systemworkbench/plugins/fr.ac6.mcu.externaltools.arm-none.win32_1.13.2.201703061525/tools/compiler/bin/../lib/gcc/arm-none-eabi/5.4.1/../../../../arm-none-eabi/lib/armv7e-m/fpu\libc_nano.a(lib_a-ctype_.o)
 .ARM.attributes
                0x000004c1       0x39 Drivers\BSP\ili9325.o
 .ARM.attributes
                0x000004fa       0x39 Drivers\BSP\openx07v_c_lcd.o
 .ARM.attributes
                0x00000533       0x39 Drivers\BSP\touch_panel.o
 .ARM.attributes
                0x0000056c       0x39 Drivers\Fonts\font12.o
 .ARM.attributes
                0x000005a5       0x39 Drivers\Fonts\font20.o
 .ARM.attributes
                0x000005de       0x39 Drivers\Fonts\font24.o
 .ARM.attributes
                0x00000617       0x39 Drivers\STM32F4xx_HAL_Driver\Src\stm32f4xx_hal.o
 .ARM.attributes
                0x00000650       0x39 Drivers\STM32F4xx_HAL_Driver\Src\stm32f4xx_hal_cortex.o
 .ARM.attributes
                0x00000689       0x39 Drivers\STM32F4xx_HAL_Driver\Src\stm32f4xx_hal_dma.o
 .ARM.attributes
                0x000006c2       0x39 Drivers\STM32F4xx_HAL_Driver\Src\stm32f4xx_hal_gpio.o
 .ARM.attributes
                0x000006fb       0x39 Drivers\STM32F4xx_HAL_Driver\Src\stm32f4xx_hal_rcc.o
 .ARM.attributes
                0x00000734       0x39 Drivers\STM32F4xx_HAL_Driver\Src\stm32f4xx_hal_spi.o
 .ARM.attributes
                0x0000076d       0x39 Drivers\STM32F4xx_HAL_Driver\Src\stm32f4xx_hal_sram.o
 .ARM.attributes
                0x000007a6       0x39 Drivers\STM32F4xx_HAL_Driver\Src\stm32f4xx_hal_uart.o
 .ARM.attributes
                0x000007df       0x39 Drivers\STM32F4xx_HAL_Driver\Src\stm32f4xx_ll_fsmc.o
 .ARM.attributes
                0x00000818       0x39 Src\Ass-02-Lib.o
 .ARM.attributes
                0x00000851       0x39 Src\Ass-02-Q01.o
 .ARM.attributes
                0x0000088a       0x39 Src\Ass-02-Q02.o
 .ARM.attributes
                0x000008c3       0x39 Src\Ass-02.o
 .ARM.attributes
                0x000008fc       0x39 Src\fsmc.o
 .ARM.attributes
                0x00000935       0x39 Src\gpio.o
 .ARM.attributes
                0x0000096e       0x39 Src\i2c.o
 .ARM.attributes
                0x000009a7       0x39 Src\main.o
 .ARM.attributes
                0x000009e0       0x39 Src\spi.o
 .ARM.attributes
                0x00000a19       0x39 Src\stm32f4xx_hal_msp.o
 .ARM.attributes
                0x00000a52       0x39 Src\stm32f4xx_it.o
 .ARM.attributes
                0x00000a8b       0x39 Src\syscalls.o
 .ARM.attributes
                0x00000ac4       0x39 Src\system_stm32f4xx.o
 .ARM.attributes
                0x00000afd       0x39 Src\usart.o
 .ARM.attributes
                0x00000b36       0x21 startup\startup_stm32f407xx.o
 .ARM.attributes
                0x00000b57       0x22 c:/ac6/systemworkbench/plugins/fr.ac6.mcu.externaltools.arm-none.win32_1.13.2.201703061525/tools/compiler/bin/../lib/gcc/arm-none-eabi/5.4.1/armv7e-m/fpu\libgcc.a(_arm_addsubdf3.o)
 .ARM.attributes
                0x00000b79       0x22 c:/ac6/systemworkbench/plugins/fr.ac6.mcu.externaltools.arm-none.win32_1.13.2.201703061525/tools/compiler/bin/../lib/gcc/arm-none-eabi/5.4.1/armv7e-m/fpu\libgcc.a(_arm_muldivdf3.o)
 .ARM.attributes
                0x00000b9b       0x22 c:/ac6/systemworkbench/plugins/fr.ac6.mcu.externaltools.arm-none.win32_1.13.2.201703061525/tools/compiler/bin/../lib/gcc/arm-none-eabi/5.4.1/armv7e-m/fpu\libgcc.a(_arm_cmpdf2.o)
 .ARM.attributes
                0x00000bbd       0x22 c:/ac6/systemworkbench/plugins/fr.ac6.mcu.externaltools.arm-none.win32_1.13.2.201703061525/tools/compiler/bin/../lib/gcc/arm-none-eabi/5.4.1/armv7e-m/fpu\libgcc.a(_arm_unorddf2.o)
 .ARM.attributes
                0x00000bdf       0x22 c:/ac6/systemworkbench/plugins/fr.ac6.mcu.externaltools.arm-none.win32_1.13.2.201703061525/tools/compiler/bin/../lib/gcc/arm-none-eabi/5.4.1/armv7e-m/fpu\libgcc.a(_arm_fixdfsi.o)
 .ARM.attributes
                0x00000c01       0x22 c:/ac6/systemworkbench/plugins/fr.ac6.mcu.externaltools.arm-none.win32_1.13.2.201703061525/tools/compiler/bin/../lib/gcc/arm-none-eabi/5.4.1/armv7e-m/fpu\libgcc.a(_arm_fixunsdfsi.o)
 .ARM.attributes
                0x00000c23       0x22 c:/ac6/systemworkbench/plugins/fr.ac6.mcu.externaltools.arm-none.win32_1.13.2.201703061525/tools/compiler/bin/../lib/gcc/arm-none-eabi/5.4.1/armv7e-m/fpu\libgcc.a(_arm_truncdfsf2.o)
 .ARM.attributes
                0x00000c45       0x34 c:/ac6/systemworkbench/plugins/fr.ac6.mcu.externaltools.arm-none.win32_1.13.2.201703061525/tools/compiler/bin/../lib/gcc/arm-none-eabi/5.4.1/../../../../arm-none-eabi/lib/armv7e-m/fpu\libc_nano.a(lib_a-atof.o)
 .ARM.attributes
                0x00000c79       0x34 c:/ac6/systemworkbench/plugins/fr.ac6.mcu.externaltools.arm-none.win32_1.13.2.201703061525/tools/compiler/bin/../lib/gcc/arm-none-eabi/5.4.1/../../../../arm-none-eabi/lib/armv7e-m/fpu\libc_nano.a(lib_a-errno.o)
 .ARM.attributes